Archive member included to satisfy reference by file (symbol)

d:/vscode~1/gnu_arm/102021~1.10/bin/../lib/gcc/arm-none-eabi/10.3.1/thumb/v6-m/nofp\libgcc.a(_dvmd_tls.o)
                              CMakeFiles/main.dir/D_/vscodecc++/Pico/picoproject/pico-sdk/src/rp2_common/pico_divider/divider.S.obj (__aeabi_idiv0)
d:/vscode~1/gnu_arm/102021~1.10/bin/../lib/gcc/arm-none-eabi/10.3.1/../../../../arm-none-eabi/lib/thumb/v6-m/nofp\libg.a(lib_a-calloc.o)
                              CMakeFiles/main.dir/D_/vscodecc++/Pico/picoproject/pico-sdk/src/rp2_common/pico_malloc/pico_malloc.c.obj (calloc)
d:/vscode~1/gnu_arm/102021~1.10/bin/../lib/gcc/arm-none-eabi/10.3.1/../../../../arm-none-eabi/lib/thumb/v6-m/nofp\libg.a(lib_a-callocr.o)
                              d:/vscode~1/gnu_arm/102021~1.10/bin/../lib/gcc/arm-none-eabi/10.3.1/../../../../arm-none-eabi/lib/thumb/v6-m/nofp\libg.a(lib_a-calloc.o) (_calloc_r)
d:/vscode~1/gnu_arm/102021~1.10/bin/../lib/gcc/arm-none-eabi/10.3.1/../../../../arm-none-eabi/lib/thumb/v6-m/nofp\libg.a(lib_a-errno.o)
                              d:/vscode~1/gnu_arm/102021~1.10/bin/../lib/gcc/arm-none-eabi/10.3.1/../../../../arm-none-eabi/lib/thumb/v6-m/nofp\libg.a(lib_a-callocr.o) (__errno)
d:/vscode~1/gnu_arm/102021~1.10/bin/../lib/gcc/arm-none-eabi/10.3.1/../../../../arm-none-eabi/lib/thumb/v6-m/nofp\libg.a(lib_a-impure.o)
                              d:/vscode~1/gnu_arm/102021~1.10/bin/../lib/gcc/arm-none-eabi/10.3.1/../../../../arm-none-eabi/lib/thumb/v6-m/nofp\libg.a(lib_a-calloc.o) (_impure_ptr)
d:/vscode~1/gnu_arm/102021~1.10/bin/../lib/gcc/arm-none-eabi/10.3.1/../../../../arm-none-eabi/lib/thumb/v6-m/nofp\libg.a(lib_a-init.o)
                              d:/vscode~1/gnu_arm/102021~1.10/bin/../lib/gcc/arm-none-eabi/10.3.1/../../../../arm-none-eabi/lib/thumb/v6-m/nofp/crt0.o (__libc_init_array)
d:/vscode~1/gnu_arm/102021~1.10/bin/../lib/gcc/arm-none-eabi/10.3.1/../../../../arm-none-eabi/lib/thumb/v6-m/nofp\libg.a(lib_a-malloc.o)
                              CMakeFiles/main.dir/D_/vscodecc++/Pico/picoproject/pico-sdk/src/rp2_common/pico_malloc/pico_malloc.c.obj (malloc)
d:/vscode~1/gnu_arm/102021~1.10/bin/../lib/gcc/arm-none-eabi/10.3.1/../../../../arm-none-eabi/lib/thumb/v6-m/nofp\libg.a(lib_a-mallocr.o)
                              d:/vscode~1/gnu_arm/102021~1.10/bin/../lib/gcc/arm-none-eabi/10.3.1/../../../../arm-none-eabi/lib/thumb/v6-m/nofp\libg.a(lib_a-callocr.o) (_malloc_r)
d:/vscode~1/gnu_arm/102021~1.10/bin/../lib/gcc/arm-none-eabi/10.3.1/../../../../arm-none-eabi/lib/thumb/v6-m/nofp\libg.a(lib_a-mlock.o)
                              d:/vscode~1/gnu_arm/102021~1.10/bin/../lib/gcc/arm-none-eabi/10.3.1/../../../../arm-none-eabi/lib/thumb/v6-m/nofp\libg.a(lib_a-mallocr.o) (__malloc_lock)
d:/vscode~1/gnu_arm/102021~1.10/bin/../lib/gcc/arm-none-eabi/10.3.1/../../../../arm-none-eabi/lib/thumb/v6-m/nofp\libg.a(lib_a-sbrkr.o)
                              d:/vscode~1/gnu_arm/102021~1.10/bin/../lib/gcc/arm-none-eabi/10.3.1/../../../../arm-none-eabi/lib/thumb/v6-m/nofp\libg.a(lib_a-mallocr.o) (_sbrk_r)
d:/vscode~1/gnu_arm/102021~1.10/bin/../lib/gcc/arm-none-eabi/10.3.1/../../../../arm-none-eabi/lib/thumb/v6-m/nofp\libg.a(lib_a-strlen-stub.o)
                              CMakeFiles/main.dir/D_/vscodecc++/Pico/picoproject/pico-sdk/src/rp2_common/pico_stdio/stdio.c.obj (strlen)
d:/vscode~1/gnu_arm/102021~1.10/bin/../lib/gcc/arm-none-eabi/10.3.1/../../../../arm-none-eabi/lib/thumb/v6-m/nofp\libg.a(lib_a-freer.o)
                              d:/vscode~1/gnu_arm/102021~1.10/bin/../lib/gcc/arm-none-eabi/10.3.1/../../../../arm-none-eabi/lib/thumb/v6-m/nofp\libg.a(lib_a-malloc.o) (_free_r)
d:/vscode~1/gnu_arm/102021~1.10/bin/../lib/gcc/arm-none-eabi/10.3.1/../../../../arm-none-eabi/lib/thumb/v6-m/nofp\libg.a(lib_a-lock.o)
                              d:/vscode~1/gnu_arm/102021~1.10/bin/../lib/gcc/arm-none-eabi/10.3.1/../../../../arm-none-eabi/lib/thumb/v6-m/nofp\libg.a(lib_a-mlock.o) (__retarget_lock_acquire_recursive)
d:/vscode~1/gnu_arm/102021~1.10/bin/../lib/gcc/arm-none-eabi/10.3.1/../../../../arm-none-eabi/lib/thumb/v6-m/nofp\libg.a(lib_a-reent.o)
                              d:/vscode~1/gnu_arm/102021~1.10/bin/../lib/gcc/arm-none-eabi/10.3.1/../../../../arm-none-eabi/lib/thumb/v6-m/nofp\libg.a(lib_a-sbrkr.o) (errno)

Discarded input sections

 .text          0x00000000        0x0 d:/vscode~1/gnu_arm/102021~1.10/bin/../lib/gcc/arm-none-eabi/10.3.1/thumb/v6-m/nofp/crti.o
 .data          0x00000000        0x0 d:/vscode~1/gnu_arm/102021~1.10/bin/../lib/gcc/arm-none-eabi/10.3.1/thumb/v6-m/nofp/crti.o
 .bss           0x00000000        0x0 d:/vscode~1/gnu_arm/102021~1.10/bin/../lib/gcc/arm-none-eabi/10.3.1/thumb/v6-m/nofp/crti.o
 .data          0x00000000        0x4 d:/vscode~1/gnu_arm/102021~1.10/bin/../lib/gcc/arm-none-eabi/10.3.1/thumb/v6-m/nofp/crtbegin.o
[...]
Memory Configuration

Name             Origin             Length             Attributes
FLASH            0x10000000         0x00200000         xr
RAM              0x20000000         0x00040000         xrw
SCRATCH_X        0x20040000         0x00001000         xrw
SCRATCH_Y        0x20041000         0x00001000         xrw
*default*        0x00000000         0xffffffff

Linker script and memory map

LOAD d:/vscode~1/gnu_arm/102021~1.10/bin/../lib/gcc/arm-none-eabi/10.3.1/thumb/v6-m/nofp/crti.o
LOAD d:/vscode~1/gnu_arm/102021~1.10/bin/../lib/gcc/arm-none-eabi/10.3.1/thumb/v6-m/nofp/crtbegin.o
LOAD d:/vscode~1/gnu_arm/102021~1.10/bin/../lib/gcc/arm-none-eabi/10.3.1/../../../../arm-none-eabi/lib/thumb/v6-m/nofp/crt0.o

.flash_begin    0x10000000        0x0
                0x10000000                __flash_binary_start = .

.boot2          0x10000000      0x100
                0x10000000                __boot2_start__ = .
 *(.boot2)
 .boot2         0x10000000      0x100 C:\Users\MKAC-11\AppData\Local\Temp\cceCjKNm.o
                0x10000100                __boot2_end__ = .
                0x00000001                ASSERT (((__boot2_end__ - __boot2_start__) == 0x100), ERROR: Pico second stage bootloader must be 256 bytes in size)

.text           0x10000100     0x3be0
                0x10000100                __logical_binary_start = .
 *(.vectors)
 .vectors       0x10000100       0xd4 CMakeFiles/main.dir/D_/vscodecc++/Pico/picoproject/pico-sdk/src/rp2_common/pico_standard_link/crt0.S.obj
                0x10000100                __VECTOR_TABLE
                0x10000100                __vectors
                0x100001c0                isr_invalid
                0x100001c0                __default_isrs_start
                0x100001c2                isr_nmi
                0x100001c4                isr_hardfault
                0x100001c6                isr_svcall
                0x100001c8                isr_pendsv
                0x100001ca                isr_systick
                0x100001cc                isr_irq23
                0x100001cc                isr_irq18
                0x100001cc                isr_irq11
                0x100001cc                isr_irq28
                0x100001cc                isr_irq19
                0x100001cc                isr_irq0
                0x100001cc                isr_irq6
                0x100001cc                isr_irq5
                0x100001cc                isr_irq12
                0x100001cc                isr_irq22
                0x100001cc                isr_irq31
                0x100001cc                isr_irq17
                0x100001cc                isr_irq27
                0x100001cc                isr_irq30
                0x100001cc                isr_irq2
                0x100001cc                isr_irq10
                0x100001cc                isr_irq8
                0x100001cc                isr_irq24
                0x100001cc                isr_irq1
                0x100001cc                isr_irq7
                0x100001cc                isr_irq21
                0x100001cc                isr_irq20
                0x100001cc                isr_irq15
                0x100001cc                isr_irq25
                0x100001cc                isr_irq13
                0x100001cc                __unhandled_user_irq
                0x100001cc                isr_irq4
                0x100001cc                isr_irq16
                0x100001cc                isr_irq29
                0x100001cc                isr_irq26
                0x100001cc                __default_isrs_end
                0x100001cc                isr_irq3
                0x100001cc                isr_irq14
                0x100001cc                isr_irq9
                0x100001d2                unhandled_user_irq_num_in_r0
 *(.binary_info_header)
 .binary_info_header
                0x100001d4       0x14 CMakeFiles/main.dir/D_/vscodecc++/Pico/picoproject/pico-sdk/src/rp2_common/pico_standard_link/crt0.S.obj
                0x100001e8                __binary_info_header_end = .
 *(.reset)
 .reset         0x100001e8       0xa8 CMakeFiles/main.dir/D_/vscodecc++/Pico/picoproject/pico-sdk/src/rp2_common/pico_standard_link/crt0.S.obj
                0x100001e8                _entry_point
                0x10000266                __get_current_exception
 .reset         0x10000290       0x30 CMakeFiles/main.dir/D_/vscodecc++/Pico/picoproject/pico-sdk/src/rp2_common/pico_standard_link/binary_info.c.obj
 *(.init)
 .init          0x100002c0        0x4 d:/vscode~1/gnu_arm/102021~1.10/bin/../lib/gcc/arm-none-eabi/10.3.1/thumb/v6-m/nofp/crti.o
                0x100002c0                _init
 *(EXCLUDE_FILE(*libm.a: *libc.a:*lib_a-mem*.o *libgcc.a:) .text*)
 .text          0x100002c4       0x48 d:/vscode~1/gnu_arm/102021~1.10/bin/../lib/gcc/arm-none-eabi/10.3.1/thumb/v6-m/nofp/crtbegin.o
 .text.main     0x1000030c        0x2 CMakeFiles/main.dir/main.c.obj
                0x1000030c                main
 *fill*         0x1000030e        0x2 
 .text.hw_claim_lock
                0x10000310       0x18 CMakeFiles/main.dir/D_/vscodecc++/Pico/picoproject/pico-sdk/src/rp2_common/hardware_claim/claim.c.obj
                0x10000310                hw_claim_lock
 .text.hw_claim_unlock
                0x10000328       0x14 CMakeFiles/main.dir/D_/vscodecc++/Pico/picoproject/pico-sdk/src/rp2_common/hardware_claim/claim.c.obj
                0x10000328                hw_claim_unlock
 .text.hw_claim_or_assert
                0x1000033c       0x32 CMakeFiles/main.dir/D_/vscodecc++/Pico/picoproject/pico-sdk/src/rp2_common/hardware_claim/claim.c.obj
                0x1000033c                hw_claim_or_assert
 *fill*         0x1000036e        0x2 
 .text.running_on_fpga
                0x10000370       0x14 CMakeFiles/main.dir/D_/vscodecc++/Pico/picoproject/pico-sdk/src/rp2_common/pico_platform/platform.c.obj
                0x10000370                running_on_fpga
 .text.spin_locks_reset
                0x10000384       0x20 CMakeFiles/main.dir/D_/vscodecc++/Pico/picoproject/pico-sdk/src/rp2_common/hardware_sync/sync.c.obj
                0x10000384                spin_locks_reset
 .text.next_striped_spin_lock_num
                0x100003a4       0x1c CMakeFiles/main.dir/D_/vscodecc++/Pico/picoproject/pico-sdk/src/rp2_common/hardware_sync/sync.c.obj
                0x100003a4                next_striped_spin_lock_num
 .text.alarm_pool_post_alloc_init
                0x100003c0       0x40 CMakeFiles/main.dir/D_/vscodecc++/Pico/picoproject/pico-sdk/src/common/pico_time/time.c.obj
 .text.timer_pool_entry_comparator
                0x10000400       0x7c CMakeFiles/main.dir/D_/vscodecc++/Pico/picoproject/pico-sdk/src/common/pico_time/time.c.obj
                0x10000400                timer_pool_entry_comparator
 .text.ph_add_child_node
                0x1000047c       0xa4 CMakeFiles/main.dir/D_/vscodecc++/Pico/picoproject/pico-sdk/src/common/pico_time/time.c.obj
 .text.ph_merge_nodes
                0x10000520       0x3e CMakeFiles/main.dir/D_/vscodecc++/Pico/picoproject/pico-sdk/src/common/pico_time/time.c.obj
 *fill*         0x1000055e        0x2 
 .text.add_alarm_under_lock
                0x10000560      0x174 CMakeFiles/main.dir/D_/vscodecc++/Pico/picoproject/pico-sdk/src/common/pico_time/time.c.obj
 .text.alarm_pool_alarm_callback
                0x100006d4      0x328 CMakeFiles/main.dir/D_/vscodecc++/Pico/picoproject/pico-sdk/src/common/pico_time/time.c.obj
 .text.alarm_pool_init_default
                0x100009fc       0x38 CMakeFiles/main.dir/D_/vscodecc++/Pico/picoproject/pico-sdk/src/common/pico_time/time.c.obj
                0x100009fc                alarm_pool_init_default
 .text.hardware_alarm_irq_handler
                0x10000a34       0x8c CMakeFiles/main.dir/D_/vscodecc++/Pico/picoproject/pico-sdk/src/rp2_common/hardware_timer/timer.c.obj
 .text.hardware_alarm_claim
                0x10000ac0       0x18 CMakeFiles/main.dir/D_/vscodecc++/Pico/picoproject/pico-sdk/src/rp2_common/hardware_timer/timer.c.obj
                0x10000ac0                hardware_alarm_claim
 .text.time_us_64
                0x10000ad8       0x18 CMakeFiles/main.dir/D_/vscodecc++/Pico/picoproject/pico-sdk/src/rp2_common/hardware_timer/timer.c.obj
                0x10000ad8                time_us_64
 .text.hardware_alarm_set_callback
                0x10000af0       0x90 CMakeFiles/main.dir/D_/vscodecc++/Pico/picoproject/pico-sdk/src/rp2_common/hardware_timer/timer.c.obj
                0x10000af0                hardware_alarm_set_callback
 .text.hardware_alarm_set_target
                0x10000b80       0xe8 CMakeFiles/main.dir/D_/vscodecc++/Pico/picoproject/pico-sdk/src/rp2_common/hardware_timer/timer.c.obj
                0x10000b80                hardware_alarm_set_target
 .text.hardware_alarm_cancel
                0x10000c68       0x40 CMakeFiles/main.dir/D_/vscodecc++/Pico/picoproject/pico-sdk/src/rp2_common/hardware_timer/timer.c.obj
                0x10000c68                hardware_alarm_cancel
 .text.lock_init
                0x10000ca8       0x10 CMakeFiles/main.dir/D_/vscodecc++/Pico/picoproject/pico-sdk/src/common/pico_sync/lock_core.c.obj
                0x10000ca8                lock_init
 .text.mutex_init
                0x10000cb8       0x1a CMakeFiles/main.dir/D_/vscodecc++/Pico/picoproject/pico-sdk/src/common/pico_sync/mutex.c.obj
                0x10000cb8                mutex_init
 .text.recursive_mutex_init
                0x10000cd2       0x1e CMakeFiles/main.dir/D_/vscodecc++/Pico/picoproject/pico-sdk/src/common/pico_sync/mutex.c.obj
                0x10000cd2                recursive_mutex_init
 .text.ph_add_child_node
                0x10000cf0       0xa4 CMakeFiles/main.dir/D_/vscodecc++/Pico/picoproject/pico-sdk/src/common/pico_util/pheap.c.obj
 .text.ph_merge_nodes
                0x10000d94       0x3e CMakeFiles/main.dir/D_/vscodecc++/Pico/picoproject/pico-sdk/src/common/pico_util/pheap.c.obj
 *fill*         0x10000dd2        0x2 
 .text.ph_clear
                0x10000dd4       0x70 CMakeFiles/main.dir/D_/vscodecc++/Pico/picoproject/pico-sdk/src/common/pico_util/pheap.c.obj
                0x10000dd4                ph_clear
 .text.ph_post_alloc_init
                0x10000e44        0xe CMakeFiles/main.dir/D_/vscodecc++/Pico/picoproject/pico-sdk/src/common/pico_util/pheap.c.obj
                0x10000e44                ph_post_alloc_init
 *fill*         0x10000e52        0x2 
 .text.ph_merge_two_pass
                0x10000e54       0xa8 CMakeFiles/main.dir/D_/vscodecc++/Pico/picoproject/pico-sdk/src/common/pico_util/pheap.c.obj
                0x10000e54                ph_merge_two_pass
 .text.ph_remove_any_head
                0x10000efc      0x108 CMakeFiles/main.dir/D_/vscodecc++/Pico/picoproject/pico-sdk/src/common/pico_util/pheap.c.obj
 .text.ph_remove_head
                0x10001004       0x14 CMakeFiles/main.dir/D_/vscodecc++/Pico/picoproject/pico-sdk/src/common/pico_util/pheap.c.obj
                0x10001004                ph_remove_head
 .text.ph_remove_and_free_node
                0x10001018       0xf8 CMakeFiles/main.dir/D_/vscodecc++/Pico/picoproject/pico-sdk/src/common/pico_util/pheap.c.obj
                0x10001018                ph_remove_and_free_node
 .text._exit    0x10001110        0x4 CMakeFiles/main.dir/D_/vscodecc++/Pico/picoproject/pico-sdk/src/rp2_common/pico_runtime/runtime.c.obj
                0x10001110                _exit
 .text.exit     0x10001114        0x6 CMakeFiles/main.dir/D_/vscodecc++/Pico/picoproject/pico-sdk/src/rp2_common/pico_runtime/runtime.c.obj
                0x10001114                exit
 *fill*         0x1000111a        0x2 
 .text.__assert_func
                0x1000111c       0x3c CMakeFiles/main.dir/D_/vscodecc++/Pico/picoproject/pico-sdk/src/rp2_common/pico_runtime/runtime.c.obj
                0x1000111c                __assert_func
 .text.runtime_init
                0x10001158       0xf8 CMakeFiles/main.dir/D_/vscodecc++/Pico/picoproject/pico-sdk/src/rp2_common/pico_runtime/runtime.c.obj
                0x10001158                runtime_init
 .text.panic    0x10001250       0x30 CMakeFiles/main.dir/D_/vscodecc++/Pico/picoproject/pico-sdk/src/rp2_common/pico_runtime/runtime.c.obj
                0x10001250                panic
 .text.clock_configure
                0x10001280      0x104 CMakeFiles/main.dir/D_/vscodecc++/Pico/picoproject/pico-sdk/src/rp2_common/hardware_clocks/clocks.c.obj
                0x10001280                clock_configure
 .text.clocks_init
                0x10001384      0x100 CMakeFiles/main.dir/D_/vscodecc++/Pico/picoproject/pico-sdk/src/rp2_common/hardware_clocks/clocks.c.obj
                0x10001384                clocks_init
 .text.set_raw_irq_handler_and_unlock
                0x10001484       0x28 CMakeFiles/main.dir/D_/vscodecc++/Pico/picoproject/pico-sdk/src/rp2_common/hardware_irq/irq.c.obj
 .text.make_branch
                0x100014ac       0x48 CMakeFiles/main.dir/D_/vscodecc++/Pico/picoproject/pico-sdk/src/rp2_common/hardware_irq/irq.c.obj
 .text.insert_branch_and_link
                0x100014f4       0x40 CMakeFiles/main.dir/D_/vscodecc++/Pico/picoproject/pico-sdk/src/rp2_common/hardware_irq/irq.c.obj
 .text.irq_is_enabled
                0x10001534       0x18 CMakeFiles/main.dir/D_/vscodecc++/Pico/picoproject/pico-sdk/src/rp2_common/hardware_irq/irq.c.obj
                0x10001534                irq_is_enabled
 .text.irq_set_mask_enabled
                0x1000154c       0x20 CMakeFiles/main.dir/D_/vscodecc++/Pico/picoproject/pico-sdk/src/rp2_common/hardware_irq/irq.c.obj
                0x1000154c                irq_set_mask_enabled
 .text.irq_set_enabled
                0x1000156c        0xe CMakeFiles/main.dir/D_/vscodecc++/Pico/picoproject/pico-sdk/src/rp2_common/hardware_irq/irq.c.obj
                0x1000156c                irq_set_enabled
 *fill*         0x1000157a        0x2 
 .text.irq_get_vtable_handler
                0x1000157c       0x10 CMakeFiles/main.dir/D_/vscodecc++/Pico/picoproject/pico-sdk/src/rp2_common/hardware_irq/irq.c.obj
                0x1000157c                irq_get_vtable_handler
 .text.irq_set_exclusive_handler
                0x1000158c       0x54 CMakeFiles/main.dir/D_/vscodecc++/Pico/picoproject/pico-sdk/src/rp2_common/hardware_irq/irq.c.obj
                0x1000158c                irq_set_exclusive_handler
 .text.irq_remove_handler
                0x100015e0      0x1a8 CMakeFiles/main.dir/D_/vscodecc++/Pico/picoproject/pico-sdk/src/rp2_common/hardware_irq/irq.c.obj
                0x100015e0                irq_remove_handler
 .text.irq_add_tail_to_free_list
                0x10001788       0xf0 CMakeFiles/main.dir/D_/vscodecc++/Pico/picoproject/pico-sdk/src/rp2_common/hardware_irq/irq.c.obj
                0x10001788                irq_add_tail_to_free_list
 .text.irq_init_priorities
                0x10001878       0x1c CMakeFiles/main.dir/D_/vscodecc++/Pico/picoproject/pico-sdk/src/rp2_common/hardware_irq/irq.c.obj
                0x10001878                irq_init_priorities
 .text.pll_init
                0x10001894      0x120 CMakeFiles/main.dir/D_/vscodecc++/Pico/picoproject/pico-sdk/src/rp2_common/hardware_pll/pll.c.obj
                0x10001894                pll_init
 .text.watchdog_start_tick
                0x100019b4       0x10 CMakeFiles/main.dir/D_/vscodecc++/Pico/picoproject/pico-sdk/src/rp2_common/hardware_watchdog/watchdog.c.obj
                0x100019b4                watchdog_start_tick
 .text.xosc_init
                0x100019c4       0x28 CMakeFiles/main.dir/D_/vscodecc++/Pico/picoproject/pico-sdk/src/rp2_common/hardware_xosc/xosc.c.obj
                0x100019c4                xosc_init
 .text._out_null
                0x100019ec        0x2 CMakeFiles/main.dir/D_/vscodecc++/Pico/picoproject/pico-sdk/src/rp2_common/pico_printf/printf.c.obj
 .text._out_fct
                0x100019ee        0xe CMakeFiles/main.dir/D_/vscodecc++/Pico/picoproject/pico-sdk/src/rp2_common/pico_printf/printf.c.obj
 .text._atoi    0x100019fc       0x24 CMakeFiles/main.dir/D_/vscodecc++/Pico/picoproject/pico-sdk/src/rp2_common/pico_printf/printf.c.obj
 .text._out_rev
                0x10001a20       0xae CMakeFiles/main.dir/D_/vscodecc++/Pico/picoproject/pico-sdk/src/rp2_common/pico_printf/printf.c.obj
 .text._ntoa_format
                0x10001ace      0x112 CMakeFiles/main.dir/D_/vscodecc++/Pico/picoproject/pico-sdk/src/rp2_common/pico_printf/printf.c.obj
 .text._ntoa_long
                0x10001be0       0xbc CMakeFiles/main.dir/D_/vscodecc++/Pico/picoproject/pico-sdk/src/rp2_common/pico_printf/printf.c.obj
 .text._ntoa_long_long
                0x10001c9c       0xe2 CMakeFiles/main.dir/D_/vscodecc++/Pico/picoproject/pico-sdk/src/rp2_common/pico_printf/printf.c.obj
 *fill*         0x10001d7e        0x2 
 .text._etoa    0x10001d80      0x414 CMakeFiles/main.dir/D_/vscodecc++/Pico/picoproject/pico-sdk/src/rp2_common/pico_printf/printf.c.obj
 .text._ftoa    0x10002194      0x354 CMakeFiles/main.dir/D_/vscodecc++/Pico/picoproject/pico-sdk/src/rp2_common/pico_printf/printf.c.obj
 .text._vsnprintf
                0x100024e8      0x624 CMakeFiles/main.dir/D_/vscodecc++/Pico/picoproject/pico-sdk/src/rp2_common/pico_printf/printf.c.obj
 .text.vfctprintf
                0x10002b0c       0x20 CMakeFiles/main.dir/D_/vscodecc++/Pico/picoproject/pico-sdk/src/rp2_common/pico_printf/printf.c.obj
                0x10002b0c                vfctprintf
 .text          0x10002b2c       0x10 CMakeFiles/main.dir/D_/vscodecc++/Pico/picoproject/pico-sdk/src/rp2_common/pico_bit_ops/bit_ops_aeabi.S.obj
 .text.rom_func_lookup
                0x10002b3c       0x10 CMakeFiles/main.dir/D_/vscodecc++/Pico/picoproject/pico-sdk/src/rp2_common/pico_bootrom/bootrom.c.obj
                0x10002b3c                rom_func_lookup
 .text.rom_data_lookup
                0x10002b4c       0x10 CMakeFiles/main.dir/D_/vscodecc++/Pico/picoproject/pico-sdk/src/rp2_common/pico_bootrom/bootrom.c.obj
                0x10002b4c                rom_data_lookup
 .text.rom_funcs_lookup
                0x10002b5c       0x36 CMakeFiles/main.dir/D_/vscodecc++/Pico/picoproject/pico-sdk/src/rp2_common/pico_bootrom/bootrom.c.obj
                0x10002b5c                rom_funcs_lookup
 *fill*         0x10002b92        0x2 
 .text.__wrap___aeabi_idiv
                0x10002b94       0x50 CMakeFiles/main.dir/D_/vscodecc++/Pico/picoproject/pico-sdk/src/rp2_common/pico_divider/divider.S.obj
                0x10002b94                __wrap___aeabi_idivmod
                0x10002b94                divmod_s32s32
                0x10002b94                div_s32s32
                0x10002b94                __wrap___aeabi_idiv
                0x10002b9c                divmod_s32s32_unsafe
                0x10002bc8                divmod_s32s32_savestate
 .text.__wrap___aeabi_uidiv
                0x10002be4       0x4c CMakeFiles/main.dir/D_/vscodecc++/Pico/picoproject/pico-sdk/src/rp2_common/pico_divider/divider.S.obj
                0x10002be4                __wrap___aeabi_uidiv
                0x10002be4                __wrap___aeabi_uidivmod
                0x10002be4                div_u32u32
                0x10002be4                divmod_u32u32
                0x10002bec                divmod_u32u32_unsafe
                0x10002c14                divmod_u32u32_savestate
 .text.__wrap___aeabi_ldiv
                0x10002c30      0x434 CMakeFiles/main.dir/D_/vscodecc++/Pico/picoproject/pico-sdk/src/rp2_common/pico_divider/divider.S.obj
                0x10002c30                div_s64s64
                0x10002c30                divmod_s64s64
                0x10002c30                __wrap___aeabi_ldivmod
                0x10002c68                divmod_u64u64
                0x10002c68                div_u64u64
                0x10002c68                __wrap___aeabi_uldivmod
                0x10002c78                divmod_u64u64_savestate
                0x10002ca0                divmod_s64s64_unsafe
                0x10002d28                divmod_u64u64_unsafe
 .text.__wrap___aeabi_darithmetic
                0x10003064       0x80 CMakeFiles/main.dir/D_/vscodecc++/Pico/picoproject/pico-sdk/src/rp2_common/pico_double/double_aeabi.S.obj
                0x10003064                __wrap___aeabi_drsub
                0x1000306a                __wrap___aeabi_dsub
                0x1000307c                __wrap___aeabi_dadd
                0x1000308e                __wrap___aeabi_ddiv
                0x100030ca                __wrap___aeabi_dmul
 .text.__wrap___aeabi_cdcmple
                0x100030e4       0x6c CMakeFiles/main.dir/D_/vscodecc++/Pico/picoproject/pico-sdk/src/rp2_common/pico_double/double_aeabi.S.obj
                0x100030e4                __wrap___aeabi_cdrcmple
                0x100030f4                __wrap___aeabi_cdcmpeq
                0x100030f4                __wrap___aeabi_cdcmple
 .text.__wrap___aeabi_dcmplt
                0x10003150        0xc CMakeFiles/main.dir/D_/vscodecc++/Pico/picoproject/pico-sdk/src/rp2_common/pico_double/double_aeabi.S.obj
                0x10003150                __wrap___aeabi_dcmplt
 .text.__wrap___aeabi_dcmple
                0x1000315c       0x10 CMakeFiles/main.dir/D_/vscodecc++/Pico/picoproject/pico-sdk/src/rp2_common/pico_double/double_aeabi.S.obj
                0x1000315c                __wrap___aeabi_dcmple
 .text.__wrap___aeabi_dcmpge
                0x1000316c       0x10 CMakeFiles/main.dir/D_/vscodecc++/Pico/picoproject/pico-sdk/src/rp2_common/pico_double/double_aeabi.S.obj
                0x1000316c                __wrap___aeabi_dcmpge
 .text.__wrap___aeabi_dcmpgt
                0x1000317c        0xa CMakeFiles/main.dir/D_/vscodecc++/Pico/picoproject/pico-sdk/src/rp2_common/pico_double/double_aeabi.S.obj
                0x1000317c                __wrap___aeabi_dcmpgt
 .text.__wrap___aeabi_dcmpun
                0x10003186       0x1c CMakeFiles/main.dir/D_/vscodecc++/Pico/picoproject/pico-sdk/src/rp2_common/pico_double/double_aeabi.S.obj
                0x10003186                __wrap___aeabi_dcmpun
 *fill*         0x100031a2        0x2 
 .text.__wrap___aeabi_i2d
                0x100031a4       0x38 CMakeFiles/main.dir/D_/vscodecc++/Pico/picoproject/pico-sdk/src/rp2_common/pico_double/double_aeabi.S.obj
                0x100031a4                __wrap___aeabi_ui2d
                0x100031ac                __wrap___aeabi_i2d
 .text.__wrap___aeabi_d2iz
                0x100031dc       0x48 CMakeFiles/main.dir/D_/vscodecc++/Pico/picoproject/pico-sdk/src/rp2_common/pico_double/double_aeabi.S.obj
                0x100031dc                double2int_z
                0x100031dc                __wrap___aeabi_d2iz
 .text.__wrap___aeabi_d2uiz
                0x10003224       0x18 CMakeFiles/main.dir/D_/vscodecc++/Pico/picoproject/pico-sdk/src/rp2_common/pico_double/double_aeabi.S.obj
                0x10003224                __wrap___aeabi_d2uiz
                0x10003224                double2uint
 .text.__aeabi_double_init
                0x1000323c       0xc8 CMakeFiles/main.dir/D_/vscodecc++/Pico/picoproject/pico-sdk/src/rp2_common/pico_double/double_init_rom.c.obj
                0x1000323c                __aeabi_double_init
 .text.double_table_shim_on_use_helper
                0x10003304       0x34 CMakeFiles/main.dir/D_/vscodecc++/Pico/picoproject/pico-sdk/src/rp2_common/pico_double/double_v1_rom_shim.S.obj
                0x10003304                double_table_shim_on_use_helper
 .text.__wrap___aeabi_dsub
                0x10003338       0x10 CMakeFiles/main.dir/D_/vscodecc++/Pico/picoproject/pico-sdk/src/rp2_common/pico_double/double_v1_rom_shim.S.obj
                0x10003338                drsub_shim
                0x1000333e                dsub_shim
 .text.dadd_shim
                0x10003348      0x15c CMakeFiles/main.dir/D_/vscodecc++/Pico/picoproject/pico-sdk/src/rp2_common/pico_double/double_v1_rom_shim.S.obj
                0x10003348                dadd_shim
 .text.dmul_shim
                0x100034a4      0x15c CMakeFiles/main.dir/D_/vscodecc++/Pico/picoproject/pico-sdk/src/rp2_common/pico_double/double_v1_rom_shim.S.obj
                0x100034a4                dmul_shim
 .text.ddiv_shim
                0x10003600      0x1b0 CMakeFiles/main.dir/D_/vscodecc++/Pico/picoproject/pico-sdk/src/rp2_common/pico_double/double_v1_rom_shim.S.obj
                0x10003600                ddiv_shim
 .text.double2uint_shim
                0x100037b0        0xe CMakeFiles/main.dir/D_/vscodecc++/Pico/picoproject/pico-sdk/src/rp2_common/pico_double/double_v1_rom_shim.S.obj
                0x100037b0                double2uint_shim
                0x100037b2                double2ufix_shim
 *fill*         0x100037be        0x2 
 .text.double2uint64_shim
                0x100037c0       0x70 CMakeFiles/main.dir/D_/vscodecc++/Pico/picoproject/pico-sdk/src/rp2_common/pico_double/double_v1_rom_shim.S.obj
                0x100037c0                double2uint64_shim
                0x100037c2                double2ufix64_shim
                0x100037e2                d2fix_a
 .text.dunpacks
                0x10003830       0x3c CMakeFiles/main.dir/D_/vscodecc++/Pico/picoproject/pico-sdk/src/rp2_common/pico_double/double_v1_rom_shim.S.obj
                0x10003830                dunpacks
 .text.__aeabi_float_init
                0x1000386c       0xfc CMakeFiles/main.dir/D_/vscodecc++/Pico/picoproject/pico-sdk/src/rp2_common/pico_float/float_init_rom.c.obj
                0x1000386c                __aeabi_float_init
 .text.float_table_shim_on_use_helper
                0x10003968       0x34 CMakeFiles/main.dir/D_/vscodecc++/Pico/picoproject/pico-sdk/src/rp2_common/pico_float/float_v1_rom_shim.S.obj
                0x10003968                float_table_shim_on_use_helper
 .text          0x1000399c       0x10 CMakeFiles/main.dir/D_/vscodecc++/Pico/picoproject/pico-sdk/src/rp2_common/pico_mem_ops/mem_ops_aeabi.S.obj
                0x1000399c                __aeabi_mem_init
 .text.memset   0x100039ac        0xc CMakeFiles/main.dir/D_/vscodecc++/Pico/picoproject/pico-sdk/src/rp2_common/pico_mem_ops/mem_ops_aeabi.S.obj
                0x100039ac                __wrap_memset
 .text.memcpy   0x100039b8        0xc CMakeFiles/main.dir/D_/vscodecc++/Pico/picoproject/pico-sdk/src/rp2_common/pico_mem_ops/mem_ops_aeabi.S.obj
                0x100039b8                __wrap_memcpy
                0x100039b8                __wrap___aeabi_memcpy
 .text.stdio_out_chars_no_crlf
                0x100039c4        0xe CMakeFiles/main.dir/D_/vscodecc++/Pico/picoproject/pico-sdk/src/rp2_common/pico_stdio/stdio.c.obj
 *fill*         0x100039d2        0x2 
 .text.stdio_out_chars_crlf
                0x100039d4       0x80 CMakeFiles/main.dir/D_/vscodecc++/Pico/picoproject/pico-sdk/src/rp2_common/pico_stdio/stdio.c.obj
 .text.stdio_stack_buffer_flush
                0x10003a54       0x44 CMakeFiles/main.dir/D_/vscodecc++/Pico/picoproject/pico-sdk/src/rp2_common/pico_stdio/stdio.c.obj
 .text.stdio_buffered_printer
                0x10003a98       0x20 CMakeFiles/main.dir/D_/vscodecc++/Pico/picoproject/pico-sdk/src/rp2_common/pico_stdio/stdio.c.obj
 .text.stdout_serialize_begin
                0x10003ab8       0x30 CMakeFiles/main.dir/D_/vscodecc++/Pico/picoproject/pico-sdk/src/rp2_common/pico_stdio/stdio.c.obj
                0x10003ab8                stdout_serialize_begin
 .text.stdout_serialize_end
                0x10003ae8       0x10 CMakeFiles/main.dir/D_/vscodecc++/Pico/picoproject/pico-sdk/src/rp2_common/pico_stdio/stdio.c.obj
                0x10003ae8                stdout_serialize_end
 .text.stdio_put_string
                0x10003af8       0x98 CMakeFiles/main.dir/D_/vscodecc++/Pico/picoproject/pico-sdk/src/rp2_common/pico_stdio/stdio.c.obj
 .text.stdio_flush
                0x10003b90       0x20 CMakeFiles/main.dir/D_/vscodecc++/Pico/picoproject/pico-sdk/src/rp2_common/pico_stdio/stdio.c.obj
                0x10003b90                stdio_flush
 .text.__wrap_puts
                0x10003bb0       0x1e CMakeFiles/main.dir/D_/vscodecc++/Pico/picoproject/pico-sdk/src/rp2_common/pico_stdio/stdio.c.obj
                0x10003bb0                __wrap_puts
 *fill*         0x10003bce        0x2 
 .text.__wrap_vprintf
                0x10003bd0       0x44 CMakeFiles/main.dir/D_/vscodecc++/Pico/picoproject/pico-sdk/src/rp2_common/pico_stdio/stdio.c.obj
                0x10003bd0                __wrap_vprintf
 .text.__wrap_printf
                0x10003c14       0x18 CMakeFiles/main.dir/D_/vscodecc++/Pico/picoproject/pico-sdk/src/rp2_common/pico_stdio/stdio.c.obj
                0x10003c14                __wrap_printf
 .text.strlen   0x10003c2c       0x5c d:/vscode~1/gnu_arm/102021~1.10/bin/../lib/gcc/arm-none-eabi/10.3.1/../../../../arm-none-eabi/lib/thumb/v6-m/nofp\libg.a(lib_a-strlen-stub.o)
                0x10003c2c                strlen
 *(.fini)
 .fini          0x10003c88        0x4 d:/vscode~1/gnu_arm/102021~1.10/bin/../lib/gcc/arm-none-eabi/10.3.1/thumb/v6-m/nofp/crti.o
                0x10003c88                _fini
 *fill*         0x10003c8c        0x4 
 .fini.__stub   0x10003c90       0x50 linker stubs
 *crtbegin.o(.ctors)
 *crtbegin?.o(.ctors)
 *(EXCLUDE_FILE(*crtend.o *crtend?.o) .ctors)
 *(SORT_BY_NAME(.ctors.*))
 *(.ctors)
 *crtbegin.o(.dtors)
 *crtbegin?.o(.dtors)
 *(EXCLUDE_FILE(*crtend.o *crtend?.o) .dtors)
 *(SORT_BY_NAME(.dtors.*))
 *(.dtors)
 *(.eh_frame*)
 .eh_frame      0x10003ce0        0x0 d:/vscode~1/gnu_arm/102021~1.10/bin/../lib/gcc/arm-none-eabi/10.3.1/thumb/v6-m/nofp/crtbegin.o
                0x10003ce0                . = ALIGN (0x4)

.glue_7         0x10003ce0        0x0
 .glue_7        0x10003ce0        0x0 linker stubs

.glue_7t        0x10003ce0        0x0
 .glue_7t       0x10003ce0        0x0 linker stubs

.vfp11_veneer   0x10003ce0        0x0
 .vfp11_veneer  0x10003ce0        0x0 linker stubs

.v4_bx          0x10003ce0        0x0
 .v4_bx         0x10003ce0        0x0 linker stubs

.iplt           0x10003ce0        0x0
 .iplt          0x10003ce0        0x0 d:/vscode~1/gnu_arm/102021~1.10/bin/../lib/gcc/arm-none-eabi/10.3.1/thumb/v6-m/nofp/crtbegin.o

.rodata         0x10003ce0      0xe34
 *(EXCLUDE_FILE(*libm.a: *libc.a:*lib_a-mem*.o *libgcc.a:) .rodata*)
 .rodata.repeating_timer_callback.str1.4
                0x10003ce0       0x58 CMakeFiles/main.dir/D_/vscodecc++/Pico/picoproject/pico-sdk/src/common/pico_time/time.c.obj
 .rodata.alarm_pool_dump_key.str1.4
                0x10003d38       0x33 CMakeFiles/main.dir/D_/vscodecc++/Pico/picoproject/pico-sdk/src/common/pico_time/time.c.obj
 *fill*         0x10003d6b        0x1 
 .rodata.ph_add_child_node.str1.4
                0x10003d6c       0xa2 CMakeFiles/main.dir/D_/vscodecc++/Pico/picoproject/pico-sdk/src/common/pico_time/time.c.obj
 *fill*         0x10003e0e        0x2 
 .rodata.add_alarm_under_lock.str1.4
                0x10003e10       0x28 CMakeFiles/main.dir/D_/vscodecc++/Pico/picoproject/pico-sdk/src/common/pico_time/time.c.obj
                                 0x2b (size before relaxing)
 .rodata.alarm_pool_alarm_callback.str1.4
                0x10003e38       0xf2 CMakeFiles/main.dir/D_/vscodecc++/Pico/picoproject/pico-sdk/src/common/pico_time/time.c.obj
 *fill*         0x10003f2a        0x2 
 .rodata.__func__.10
                0x10003f2c       0x15 CMakeFiles/main.dir/D_/vscodecc++/Pico/picoproject/pico-sdk/src/common/pico_time/time.c.obj
 *fill*         0x10003f41        0x3 
 .rodata.__func__.11
                0x10003f44       0x1a CMakeFiles/main.dir/D_/vscodecc++/Pico/picoproject/pico-sdk/src/common/pico_time/time.c.obj
 *fill*         0x10003f5e        0x2 
 .rodata.__func__.12
                0x10003f60        0xa CMakeFiles/main.dir/D_/vscodecc++/Pico/picoproject/pico-sdk/src/common/pico_time/time.c.obj
 *fill*         0x10003f6a        0x2 
 .rodata.__func__.4
                0x10003f6c       0x12 CMakeFiles/main.dir/D_/vscodecc++/Pico/picoproject/pico-sdk/src/common/pico_time/time.c.obj
 *fill*         0x10003f7e        0x2 
 .rodata.__func__.5
                0x10003f80        0xd CMakeFiles/main.dir/D_/vscodecc++/Pico/picoproject/pico-sdk/src/common/pico_time/time.c.obj
 *fill*         0x10003f8d        0x3 
 .rodata.__func__.6
                0x10003f90       0x12 CMakeFiles/main.dir/D_/vscodecc++/Pico/picoproject/pico-sdk/src/common/pico_time/time.c.obj
 *fill*         0x10003fa2        0x2 
 .rodata.__func__.7
                0x10003fa4        0xf CMakeFiles/main.dir/D_/vscodecc++/Pico/picoproject/pico-sdk/src/common/pico_time/time.c.obj
 *fill*         0x10003fb3        0x1 
 .rodata.__func__.8
                0x10003fb4        0xc CMakeFiles/main.dir/D_/vscodecc++/Pico/picoproject/pico-sdk/src/common/pico_time/time.c.obj
 .rodata.__func__.9
                0x10003fc0       0x15 CMakeFiles/main.dir/D_/vscodecc++/Pico/picoproject/pico-sdk/src/common/pico_time/time.c.obj
 *fill*         0x10003fd5        0x3 
 .rodata.hardware_alarm_claim.str1.4
                0x10003fd8       0x22 CMakeFiles/main.dir/D_/vscodecc++/Pico/picoproject/pico-sdk/src/rp2_common/hardware_timer/timer.c.obj
 *fill*         0x10003ffa        0x2 
 .rodata.hardware_alarm_set_target.str1.4
                0x10003ffc       0x72 CMakeFiles/main.dir/D_/vscodecc++/Pico/picoproject/pico-sdk/src/rp2_common/hardware_timer/timer.c.obj
 *fill*         0x1000406e        0x2 
 .rodata.__func__.0
                0x10004070       0x1a CMakeFiles/main.dir/D_/vscodecc++/Pico/picoproject/pico-sdk/src/rp2_common/hardware_timer/timer.c.obj
 *fill*         0x1000408a        0x2 
 .rodata.str1.4
                0x1000408c       0x99 CMakeFiles/main.dir/D_/vscodecc++/Pico/picoproject/pico-sdk/src/common/pico_sync/mutex.c.obj
                                0x109 (size before relaxing)
 *fill*         0x10004125        0x3 
 .rodata.__func__.1
                0x10004128        0xb CMakeFiles/main.dir/D_/vscodecc++/Pico/picoproject/pico-sdk/src/common/pico_sync/mutex.c.obj
 .rodata.ph_add_child_node.str1.4
                0x10004133       0xa2 CMakeFiles/main.dir/D_/vscodecc++/Pico/picoproject/pico-sdk/src/common/pico_util/pheap.c.obj
 *fill*         0x10004133        0x1 
 .rodata.ph_remove_any_head.str1.4
                0x10004134       0x9c CMakeFiles/main.dir/D_/vscodecc++/Pico/picoproject/pico-sdk/src/common/pico_util/pheap.c.obj
 .rodata.ph_remove_and_free_node.str1.4
                0x100041d0       0x26 CMakeFiles/main.dir/D_/vscodecc++/Pico/picoproject/pico-sdk/src/common/pico_util/pheap.c.obj
 *fill*         0x100041f6        0x2 
 .rodata.__func__.0
                0x100041f8       0x18 CMakeFiles/main.dir/D_/vscodecc++/Pico/picoproject/pico-sdk/src/common/pico_util/pheap.c.obj
 .rodata.__func__.1
                0x10004210       0x13 CMakeFiles/main.dir/D_/vscodecc++/Pico/picoproject/pico-sdk/src/common/pico_util/pheap.c.obj
 *fill*         0x10004223        0x1 
 .rodata.__func__.2
                0x10004224       0x12 CMakeFiles/main.dir/D_/vscodecc++/Pico/picoproject/pico-sdk/src/common/pico_util/pheap.c.obj
 *fill*         0x10004236        0x2 
 .rodata.__func__.3
                0x10004238        0xc CMakeFiles/main.dir/D_/vscodecc++/Pico/picoproject/pico-sdk/src/common/pico_util/pheap.c.obj
 .rodata.__assert_func.str1.4
                0x10004244       0x3f CMakeFiles/main.dir/D_/vscodecc++/Pico/picoproject/pico-sdk/src/rp2_common/pico_runtime/runtime.c.obj
                                 0x43 (size before relaxing)
 *fill*         0x10004283        0x1 
 .rodata.runtime_init.str1.4
                0x10004284       0x6e CMakeFiles/main.dir/D_/vscodecc++/Pico/picoproject/pico-sdk/src/rp2_common/pico_runtime/runtime.c.obj
 *fill*         0x100042f2        0x2 
 .rodata.panic.str1.4
                0x100042f4       0x12 CMakeFiles/main.dir/D_/vscodecc++/Pico/picoproject/pico-sdk/src/rp2_common/pico_runtime/runtime.c.obj
 *fill*         0x10004306        0x2 
 .rodata.__func__.1
                0x10004308        0xd CMakeFiles/main.dir/D_/vscodecc++/Pico/picoproject/pico-sdk/src/rp2_common/pico_runtime/runtime.c.obj
 *fill*         0x10004315        0x3 
 .rodata.clock_configure.str1.4
                0x10004318       0x64 CMakeFiles/main.dir/D_/vscodecc++/Pico/picoproject/pico-sdk/src/rp2_common/hardware_clocks/clocks.c.obj
 .rodata.__func__.1
                0x1000437c       0x10 CMakeFiles/main.dir/D_/vscodecc++/Pico/picoproject/pico-sdk/src/rp2_common/hardware_clocks/clocks.c.obj
 .rodata.make_branch.str1.4
                0x1000438c       0x7a CMakeFiles/main.dir/D_/vscodecc++/Pico/picoproject/pico-sdk/src/rp2_common/hardware_irq/irq.c.obj
 *fill*         0x10004406        0x2 
 .rodata.insert_branch_and_link.str1.4
                0x10004408       0x10 CMakeFiles/main.dir/D_/vscodecc++/Pico/picoproject/pico-sdk/src/rp2_common/hardware_irq/irq.c.obj
 .rodata.irq_set_exclusive_handler.str1.4
                0x10004418       0x36 CMakeFiles/main.dir/D_/vscodecc++/Pico/picoproject/pico-sdk/src/rp2_common/hardware_irq/irq.c.obj
 *fill*         0x1000444e        0x2 
 .rodata.irq_add_shared_handler.str1.4
                0x10004450       0xd9 CMakeFiles/main.dir/D_/vscodecc++/Pico/picoproject/pico-sdk/src/rp2_common/hardware_irq/irq.c.obj
 *fill*         0x10004529        0x3 
 .rodata.irq_remove_handler.str1.4
                0x1000452c       0x2a CMakeFiles/main.dir/D_/vscodecc++/Pico/picoproject/pico-sdk/src/rp2_common/hardware_irq/irq.c.obj
 *fill*         0x10004556        0x2 
 .rodata.irq_add_tail_to_free_list.str1.4
                0x10004558       0x32 CMakeFiles/main.dir/D_/vscodecc++/Pico/picoproject/pico-sdk/src/rp2_common/hardware_irq/irq.c.obj
                                 0x3a (size before relaxing)
 *fill*         0x1000458a        0x2 
 .rodata.__func__.0
                0x1000458c       0x1a CMakeFiles/main.dir/D_/vscodecc++/Pico/picoproject/pico-sdk/src/rp2_common/hardware_irq/irq.c.obj
 *fill*         0x100045a6        0x2 
 .rodata.__func__.1
                0x100045a8       0x17 CMakeFiles/main.dir/D_/vscodecc++/Pico/picoproject/pico-sdk/src/rp2_common/hardware_irq/irq.c.obj
 *fill*         0x100045bf        0x1 
 .rodata.__func__.2
                0x100045c0       0x13 CMakeFiles/main.dir/D_/vscodecc++/Pico/picoproject/pico-sdk/src/rp2_common/hardware_irq/irq.c.obj
 *fill*         0x100045d3        0x1 
 .rodata.__func__.3
                0x100045d4        0xc CMakeFiles/main.dir/D_/vscodecc++/Pico/picoproject/pico-sdk/src/rp2_common/hardware_irq/irq.c.obj
 .rodata.__func__.4
                0x100045e0        0xf CMakeFiles/main.dir/D_/vscodecc++/Pico/picoproject/pico-sdk/src/rp2_common/hardware_irq/irq.c.obj
 *fill*         0x100045ef        0x1 
 .rodata.__func__.6
                0x100045f0       0x1a CMakeFiles/main.dir/D_/vscodecc++/Pico/picoproject/pico-sdk/src/rp2_common/hardware_irq/irq.c.obj
 *fill*         0x1000460a        0x2 
 .rodata.pll_init.str1.4
                0x1000460c       0xe7 CMakeFiles/main.dir/D_/vscodecc++/Pico/picoproject/pico-sdk/src/rp2_common/hardware_pll/pll.c.obj
 *fill*         0x100046f3        0x1 
 .rodata.__func__.0
                0x100046f4        0x9 CMakeFiles/main.dir/D_/vscodecc++/Pico/picoproject/pico-sdk/src/rp2_common/hardware_pll/pll.c.obj
 *fill*         0x100046fd        0x3 
 .rodata._ftoa.str1.4
                0x10004700       0x15 CMakeFiles/main.dir/D_/vscodecc++/Pico/picoproject/pico-sdk/src/rp2_common/pico_printf/printf.c.obj
 *fill*         0x10004715        0x3 
 .rodata._vsnprintf
                0x10004718      0x1e0 CMakeFiles/main.dir/D_/vscodecc++/Pico/picoproject/pico-sdk/src/rp2_common/pico_printf/printf.c.obj
 .rodata.pow10.0
                0x100048f8       0x50 CMakeFiles/main.dir/D_/vscodecc++/Pico/picoproject/pico-sdk/src/rp2_common/pico_printf/printf.c.obj
 .rodata.__aeabi_double_init.str1.4
                0x10004948       0xb5 CMakeFiles/main.dir/D_/vscodecc++/Pico/picoproject/pico-sdk/src/rp2_common/pico_double/double_init_rom.c.obj
 *fill*         0x100049fd        0x3 
 .rodata.__func__.0
                0x10004a00       0x14 CMakeFiles/main.dir/D_/vscodecc++/Pico/picoproject/pico-sdk/src/rp2_common/pico_double/double_init_rom.c.obj
 .rodata.__aeabi_float_init.str1.4
                0x10004a14       0x87 CMakeFiles/main.dir/D_/vscodecc++/Pico/picoproject/pico-sdk/src/rp2_common/pico_float/float_init_rom.c.obj
                                 0x8b (size before relaxing)
 *fill*         0x10004a9b        0x1 
 .rodata.__func__.0
                0x10004a9c       0x13 CMakeFiles/main.dir/D_/vscodecc++/Pico/picoproject/pico-sdk/src/rp2_common/pico_float/float_init_rom.c.obj
 *fill*         0x10004aaf        0x1 
 .rodata.str1.4
                0x10004ab0       0x3c CMakeFiles/main.dir/D_/vscodecc++/Pico/picoproject/pico-sdk/src/rp2_common/pico_standard_link/binary_info.c.obj
 .rodata.__bi_44
                0x10004aec        0xc CMakeFiles/main.dir/D_/vscodecc++/Pico/picoproject/pico-sdk/src/rp2_common/pico_standard_link/binary_info.c.obj
 .rodata.__bi_75
                0x10004af8        0xc CMakeFiles/main.dir/D_/vscodecc++/Pico/picoproject/pico-sdk/src/rp2_common/pico_standard_link/binary_info.c.obj
 .rodata.__bi_81
                0x10004b04        0xc CMakeFiles/main.dir/D_/vscodecc++/Pico/picoproject/pico-sdk/src/rp2_common/pico_standard_link/binary_info.c.obj
 .rodata.crlf_str.3
                0x10004b10        0x2 CMakeFiles/main.dir/D_/vscodecc++/Pico/picoproject/pico-sdk/src/rp2_common/pico_stdio/stdio.c.obj
                0x10004b14                . = ALIGN (0x4)
 *fill*         0x10004b12        0x2 
 *(SORT_BY_ALIGNMENT(SORT_BY_NAME(.flashdata*)))
                0x10004b14                . = ALIGN (0x4)

.rel.dyn        0x10004b14        0x0
 .rel.iplt      0x10004b14        0x0 d:/vscode~1/gnu_arm/102021~1.10/bin/../lib/gcc/arm-none-eabi/10.3.1/thumb/v6-m/nofp/crtbegin.o

.ARM.extab
 *(.ARM.extab* .gnu.linkonce.armextab.*)
                0x10004b14                __exidx_start = .

.ARM.exidx
 *(.ARM.exidx* .gnu.linkonce.armexidx.*)
                0x10004b14                __exidx_end = .
                0x10004b14                . = ALIGN (0x4)
                0x10004b14                __binary_info_start = .

.binary_info    0x10004b14       0x1c
 *(.binary_info.keep.*)
 .binary_info.keep.__bi_ptr22
                0x10004b14        0x4 CMakeFiles/main.dir/D_/vscodecc++/Pico/picoproject/pico-sdk/src/rp2_common/pico_standard_link/binary_info.c.obj
 .binary_info.keep.__bi_ptr30
                0x10004b18        0x4 CMakeFiles/main.dir/D_/vscodecc++/Pico/picoproject/pico-sdk/src/rp2_common/pico_standard_link/binary_info.c.obj
 .binary_info.keep.__bi_ptr38
                0x10004b1c        0x4 CMakeFiles/main.dir/D_/vscodecc++/Pico/picoproject/pico-sdk/src/rp2_common/pico_standard_link/binary_info.c.obj
 .binary_info.keep.__bi_ptr44
                0x10004b20        0x4 CMakeFiles/main.dir/D_/vscodecc++/Pico/picoproject/pico-sdk/src/rp2_common/pico_standard_link/binary_info.c.obj
 .binary_info.keep.__bi_ptr50
                0x10004b24        0x4 CMakeFiles/main.dir/D_/vscodecc++/Pico/picoproject/pico-sdk/src/rp2_common/pico_standard_link/binary_info.c.obj
 .binary_info.keep.__bi_ptr75
                0x10004b28        0x4 CMakeFiles/main.dir/D_/vscodecc++/Pico/picoproject/pico-sdk/src/rp2_common/pico_standard_link/binary_info.c.obj
 .binary_info.keep.__bi_ptr81
                0x10004b2c        0x4 CMakeFiles/main.dir/D_/vscodecc++/Pico/picoproject/pico-sdk/src/rp2_common/pico_standard_link/binary_info.c.obj
 *(.binary_info.*)
                0x10004b30                __binary_info_end = .
                0x10004b30                . = ALIGN (0x4)
                0x10004b30                __etext = .

.ram_vector_table
                0x20000000       0xc0
 *(.ram_vector_table)
 .ram_vector_table
                0x20000000       0xc0 CMakeFiles/main.dir/D_/vscodecc++/Pico/picoproject/pico-sdk/src/rp2_common/pico_runtime/runtime.c.obj
                0x20000000                ram_vector_table

.data           0x200000c0      0x1ac load address 0x10004b30
                0x200000c0                __data_start__ = .
 *(vtable)
 *(.time_critical*)
 .time_critical.mutex_enter_blocking
                0x200000c0       0x48 CMakeFiles/main.dir/D_/vscodecc++/Pico/picoproject/pico-sdk/src/common/pico_sync/mutex.c.obj
                0x200000c0                mutex_enter_blocking
 .time_critical.mutex_try_enter
                0x20000108       0x46 CMakeFiles/main.dir/D_/vscodecc++/Pico/picoproject/pico-sdk/src/common/pico_sync/mutex.c.obj
                0x20000108                mutex_try_enter
 *fill*         0x2000014e        0x2 
 .time_critical.mutex_exit
                0x20000150       0x4c CMakeFiles/main.dir/D_/vscodecc++/Pico/picoproject/pico-sdk/src/common/pico_sync/mutex.c.obj
                0x20000150                mutex_exit
 *(.text*)
 .text          0x2000019c        0x4 d:/vscode~1/gnu_arm/102021~1.10/bin/../lib/gcc/arm-none-eabi/10.3.1/thumb/v6-m/nofp\libgcc.a(_dvmd_tls.o)
                0x2000019c                __aeabi_idiv0
                0x2000019c                __aeabi_ldiv0
 .text.__stub   0x200001a0       0x10 linker stubs
                0x200001b0                . = ALIGN (0x4)
 *(.rodata*)
                0x200001b0                . = ALIGN (0x4)
 *(.data*)
 .data.striped_spin_lock_num
                0x200001b0        0x1 CMakeFiles/main.dir/D_/vscodecc++/Pico/picoproject/pico-sdk/src/rp2_common/hardware_sync/sync.c.obj
 *fill*         0x200001b1        0x3 
 .data.default_alarm_pool
                0x200001b4       0x18 CMakeFiles/main.dir/D_/vscodecc++/Pico/picoproject/pico-sdk/src/common/pico_time/time.c.obj
 .data.default_alarm_pool_heap
                0x200001cc       0x10 CMakeFiles/main.dir/D_/vscodecc++/Pico/picoproject/pico-sdk/src/common/pico_time/time.c.obj
 .data          0x200001dc       0x48 CMakeFiles/main.dir/D_/vscodecc++/Pico/picoproject/pico-sdk/src/rp2_common/hardware_irq/irq_handler_chain.S.obj
                0x200001dc                irq_handler_chain_slots
                0x2000020c                irq_handler_chain_first_slot
                0x20000216                irq_handler_chain_remove_tail
 *fill*         0x20000224        0xc 
 .data.aeabi_bits_funcs
                0x20000230       0x10 CMakeFiles/main.dir/D_/vscodecc++/Pico/picoproject/pico-sdk/src/rp2_common/pico_bit_ops/bit_ops_aeabi.S.obj
                0x20000230                aeabi_bits_funcs
                0x20000240                aeabi_bits_funcs_end
 .data.aeabi_mem_funcs
                0x20000240       0x10 CMakeFiles/main.dir/D_/vscodecc++/Pico/picoproject/pico-sdk/src/rp2_common/pico_mem_ops/mem_ops_aeabi.S.obj
                0x20000240                aeabi_mem_funcs
                0x20000250                aeabi_mem_funcs_end
                0x20000250                . = ALIGN (0x4)
 *(.after_data.*)
                0x20000250                . = ALIGN (0x4)
                0x20000250                PROVIDE (__mutex_array_start = .)
 *(SORT_BY_NAME(.mutex_array.*))
 *(.mutex_array)
 .mutex_array   0x20000250        0x8 CMakeFiles/main.dir/D_/vscodecc++/Pico/picoproject/pico-sdk/src/rp2_common/pico_stdio/stdio.c.obj
                0x20000258                PROVIDE (__mutex_array_end = .)
                0x20000258                . = ALIGN (0x4)
                0x20000258                PROVIDE (__preinit_array_start = .)
 *(SORT_BY_NAME(.preinit_array.*))
 .preinit_array.00001
                0x20000258        0x4 CMakeFiles/main.dir/D_/vscodecc++/Pico/picoproject/pico-sdk/src/rp2_common/pico_mem_ops/mem_ops_aeabi.S.obj
 .preinit_array.00010
                0x2000025c        0x4 CMakeFiles/main.dir/D_/vscodecc++/Pico/picoproject/pico-sdk/src/rp2_common/pico_bit_ops/bit_ops_aeabi.S.obj
 .preinit_array.00020
                0x20000260        0x4 CMakeFiles/main.dir/D_/vscodecc++/Pico/picoproject/pico-sdk/src/rp2_common/pico_double/double_aeabi.S.obj
 .preinit_array.00020
                0x20000264        0x4 CMakeFiles/main.dir/D_/vscodecc++/Pico/picoproject/pico-sdk/src/rp2_common/pico_float/float_aeabi.S.obj
 *(.preinit_array)
                0x20000268                PROVIDE (__preinit_array_end = .)
                0x20000268                . = ALIGN (0x4)
                0x20000268                PROVIDE (__init_array_start = .)
 *(SORT_BY_NAME(.init_array.*))
 *(.init_array)
 .init_array    0x20000268        0x4 d:/vscode~1/gnu_arm/102021~1.10/bin/../lib/gcc/arm-none-eabi/10.3.1/thumb/v6-m/nofp/crtbegin.o
                0x2000026c                PROVIDE (__init_array_end = .)
                0x2000026c                . = ALIGN (0x4)
                [!provide]                PROVIDE (__fini_array_start = .)
 *(SORT_BY_NAME(.fini_array.*))
 *(.fini_array)
                [!provide]                PROVIDE (__fini_array_end = .)
 *(.jcr)
                0x2000026c                . = ALIGN (0x4)
                0x2000026c                __data_end__ = .

.igot.plt       0x2000026c        0x0 load address 0x10004cdc
 .igot.plt      0x2000026c        0x0 d:/vscode~1/gnu_arm/102021~1.10/bin/../lib/gcc/arm-none-eabi/10.3.1/thumb/v6-m/nofp/crtbegin.o

.uninitialized_data
                0x2000026c        0x0 load address 0x10004cdc
                0x2000026c                . = ALIGN (0x4)
 *(.uninitialized_data*)

.scratch_x      0x20040000        0x0 load address 0x10004cdc
                0x20040000                __scratch_x_start__ = .
 *(.scratch_x.*)
                0x20040000                . = ALIGN (0x4)
                0x20040000                __scratch_x_end__ = .
                0x10004cdc                __scratch_x_source__ = LOADADDR (.scratch_x)

.scratch_y      0x20041000        0x0 load address 0x10004cdc
                0x20041000                __scratch_y_start__ = .
 *(.scratch_y.*)
                0x20041000                . = ALIGN (0x4)
                0x20041000                __scratch_y_end__ = .
                0x10004cdc                __scratch_y_source__ = LOADADDR (.scratch_y)

.bss            0x20000270      0x3c8
                0x20000270                . = ALIGN (0x4)
                0x20000270                __bss_start__ = .
 *(SORT_BY_ALIGNMENT(SORT_BY_NAME(.bss*)))
 .bss.default_alarm_pool_entries
                0x20000270      0x100 CMakeFiles/main.dir/D_/vscodecc++/Pico/picoproject/pico-sdk/src/common/pico_time/time.c.obj
 .bss           0x20000370       0x1c d:/vscode~1/gnu_arm/102021~1.10/bin/../lib/gcc/arm-none-eabi/10.3.1/thumb/v6-m/nofp/crtbegin.o
 .bss.alarm_callbacks
                0x2000038c       0x10 CMakeFiles/main.dir/D_/vscodecc++/Pico/picoproject/pico-sdk/src/rp2_common/hardware_timer/timer.c.obj
 .bss.configured_freq
                0x2000039c       0x28 CMakeFiles/main.dir/D_/vscodecc++/Pico/picoproject/pico-sdk/src/rp2_common/hardware_clocks/clocks.c.obj
 .bss.default_alarm_pool_entry_ids_high
                0x200003c4       0x10 CMakeFiles/main.dir/D_/vscodecc++/Pico/picoproject/pico-sdk/src/common/pico_time/time.c.obj
 .bss.default_alarm_pool_heap_nodes
                0x200003d4       0x30 CMakeFiles/main.dir/D_/vscodecc++/Pico/picoproject/pico-sdk/src/common/pico_time/time.c.obj
 .bss.drivers   0x20000404        0x4 CMakeFiles/main.dir/D_/vscodecc++/Pico/picoproject/pico-sdk/src/rp2_common/pico_stdio/stdio.c.obj
 .bss.filter    0x20000408        0x4 CMakeFiles/main.dir/D_/vscodecc++/Pico/picoproject/pico-sdk/src/rp2_common/pico_stdio/stdio.c.obj
 .bss.pools     0x2000040c       0x10 CMakeFiles/main.dir/D_/vscodecc++/Pico/picoproject/pico-sdk/src/common/pico_time/time.c.obj
 .bss.sd_table  0x2000041c      0x100 CMakeFiles/main.dir/D_/vscodecc++/Pico/picoproject/pico-sdk/src/rp2_common/pico_double/double_init_rom.c.obj
                0x2000041c                sd_table
 .bss.sf_clz_func
                0x2000051c        0x4 CMakeFiles/main.dir/D_/vscodecc++/Pico/picoproject/pico-sdk/src/rp2_common/pico_double/double_init_rom.c.obj
                0x2000051c                sf_clz_func
 .bss.sf_table  0x20000520      0x100 CMakeFiles/main.dir/D_/vscodecc++/Pico/picoproject/pico-sdk/src/rp2_common/pico_float/float_init_rom.c.obj
                0x20000520                sf_table
 .bss.sleep_notifier
                0x20000620        0x4 CMakeFiles/main.dir/D_/vscodecc++/Pico/picoproject/pico-sdk/src/common/pico_time/time.c.obj
 .bss.target_hi
                0x20000624       0x10 CMakeFiles/main.dir/D_/vscodecc++/Pico/picoproject/pico-sdk/src/rp2_common/hardware_timer/timer.c.obj
 .bss.claimed   0x20000634        0x1 CMakeFiles/main.dir/D_/vscodecc++/Pico/picoproject/pico-sdk/src/rp2_common/hardware_timer/timer.c.obj
 .bss.irq_hander_chain_free_slot_head
                0x20000635        0x1 CMakeFiles/main.dir/D_/vscodecc++/Pico/picoproject/pico-sdk/src/rp2_common/hardware_irq/irq.c.obj
 .bss.timer_callbacks_pending
                0x20000636        0x1 CMakeFiles/main.dir/D_/vscodecc++/Pico/picoproject/pico-sdk/src/rp2_common/hardware_timer/timer.c.obj
 *(COMMON)
                0x20000638                . = ALIGN (0x4)
 *fill*         0x20000637        0x1 
                0x20000638                __bss_end__ = .

.heap           0x20000638      0x800
                0x20000638                __end__ = .
                0x20000638                end = __end__
 *(.heap*)
 .heap          0x20000638      0x800 CMakeFiles/main.dir/D_/vscodecc++/Pico/picoproject/pico-sdk/src/rp2_common/pico_standard_link/crt0.S.obj
                0x20000e38                __HeapLimit = .

.stack1_dummy   0x20040000        0x0
 *(.stack1*)

.stack_dummy    0x20041000      0x800
 *(.stack*)
 .stack         0x20041000      0x800 CMakeFiles/main.dir/D_/vscodecc++/Pico/picoproject/pico-sdk/src/rp2_common/pico_standard_link/crt0.S.obj

.flash_end      0x10004cdc        0x0
                0x10004cdc                __flash_binary_end = .
                0x20040000                __StackLimit = (ORIGIN (RAM) + LENGTH (RAM))
                0x20041000                __StackOneTop = (ORIGIN (SCRATCH_X) + LENGTH (SCRATCH_X))
                0x20042000                __StackTop = (ORIGIN (SCRATCH_Y) + LENGTH (SCRATCH_Y))
                0x20041000                __StackOneBottom = (__StackOneTop - SIZEOF (.stack1_dummy))
                0x20041800                __StackBottom = (__StackTop - SIZEOF (.stack_dummy))
                0x20042000                PROVIDE (__stack = __StackTop)
                0x00000001                ASSERT ((__StackLimit >= __HeapLimit), region RAM overflowed)
                0x00000001                ASSERT (((__binary_info_header_end - __logical_binary_start) <= 0x100), Binary info must be in first 256 bytes of the binary)
LOAD CMakeFiles/main.dir/main.c.obj
LOAD CMakeFiles/main.dir/D_/vscodecc++/Pico/picoproject/pico-sdk/src/rp2_common/pico_stdlib/stdlib.c.obj
LOAD CMakeFiles/main.dir/D_/vscodecc++/Pico/picoproject/pico-sdk/src/rp2_common/hardware_gpio/gpio.c.obj
LOAD CMakeFiles/main.dir/D_/vscodecc++/Pico/picoproject/pico-sdk/src/rp2_common/hardware_claim/claim.c.obj
LOAD CMakeFiles/main.dir/D_/vscodecc++/Pico/picoproject/pico-sdk/src/rp2_common/pico_platform/platform.c.obj
LOAD CMakeFiles/main.dir/D_/vscodecc++/Pico/picoproject/pico-sdk/src/rp2_common/hardware_sync/sync.c.obj
LOAD CMakeFiles/main.dir/D_/vscodecc++/Pico/picoproject/pico-sdk/src/rp2_common/hardware_uart/uart.c.obj
LOAD CMakeFiles/main.dir/D_/vscodecc++/Pico/picoproject/pico-sdk/src/rp2_common/hardware_divider/divider.S.obj
LOAD CMakeFiles/main.dir/D_/vscodecc++/Pico/picoproject/pico-sdk/src/common/pico_time/time.c.obj
LOAD CMakeFiles/main.dir/D_/vscodecc++/Pico/picoproject/pico-sdk/src/common/pico_time/timeout_helper.c.obj
LOAD CMakeFiles/main.dir/D_/vscodecc++/Pico/picoproject/pico-sdk/src/rp2_common/hardware_timer/timer.c.obj
LOAD CMakeFiles/main.dir/D_/vscodecc++/Pico/picoproject/pico-sdk/src/common/pico_sync/sem.c.obj
LOAD CMakeFiles/main.dir/D_/vscodecc++/Pico/picoproject/pico-sdk/src/common/pico_sync/lock_core.c.obj
LOAD CMakeFiles/main.dir/D_/vscodecc++/Pico/picoproject/pico-sdk/src/common/pico_sync/mutex.c.obj
LOAD CMakeFiles/main.dir/D_/vscodecc++/Pico/picoproject/pico-sdk/src/common/pico_sync/critical_section.c.obj
LOAD CMakeFiles/main.dir/D_/vscodecc++/Pico/picoproject/pico-sdk/src/common/pico_util/datetime.c.obj
LOAD CMakeFiles/main.dir/D_/vscodecc++/Pico/picoproject/pico-sdk/src/common/pico_util/pheap.c.obj
LOAD CMakeFiles/main.dir/D_/vscodecc++/Pico/picoproject/pico-sdk/src/common/pico_util/queue.c.obj
LOAD CMakeFiles/main.dir/D_/vscodecc++/Pico/picoproject/pico-sdk/src/rp2_common/pico_runtime/runtime.c.obj
LOAD CMakeFiles/main.dir/D_/vscodecc++/Pico/picoproject/pico-sdk/src/rp2_common/hardware_clocks/clocks.c.obj
LOAD CMakeFiles/main.dir/D_/vscodecc++/Pico/picoproject/pico-sdk/src/rp2_common/hardware_irq/irq.c.obj
LOAD CMakeFiles/main.dir/D_/vscodecc++/Pico/picoproject/pico-sdk/src/rp2_common/hardware_irq/irq_handler_chain.S.obj
LOAD CMakeFiles/main.dir/D_/vscodecc++/Pico/picoproject/pico-sdk/src/rp2_common/hardware_pll/pll.c.obj
LOAD CMakeFiles/main.dir/D_/vscodecc++/Pico/picoproject/pico-sdk/src/rp2_common/hardware_vreg/vreg.c.obj
LOAD CMakeFiles/main.dir/D_/vscodecc++/Pico/picoproject/pico-sdk/src/rp2_common/hardware_watchdog/watchdog.c.obj
LOAD CMakeFiles/main.dir/D_/vscodecc++/Pico/picoproject/pico-sdk/src/rp2_common/hardware_xosc/xosc.c.obj
LOAD CMakeFiles/main.dir/D_/vscodecc++/Pico/picoproject/pico-sdk/src/rp2_common/pico_printf/printf.c.obj
LOAD CMakeFiles/main.dir/D_/vscodecc++/Pico/picoproject/pico-sdk/src/rp2_common/pico_bit_ops/bit_ops_aeabi.S.obj
LOAD CMakeFiles/main.dir/D_/vscodecc++/Pico/picoproject/pico-sdk/src/rp2_common/pico_bootrom/bootrom.c.obj
LOAD CMakeFiles/main.dir/D_/vscodecc++/Pico/picoproject/pico-sdk/src/rp2_common/pico_divider/divider.S.obj
LOAD CMakeFiles/main.dir/D_/vscodecc++/Pico/picoproject/pico-sdk/src/rp2_common/pico_double/double_aeabi.S.obj
LOAD CMakeFiles/main.dir/D_/vscodecc++/Pico/picoproject/pico-sdk/src/rp2_common/pico_double/double_init_rom.c.obj
LOAD CMakeFiles/main.dir/D_/vscodecc++/Pico/picoproject/pico-sdk/src/rp2_common/pico_double/double_math.c.obj
LOAD CMakeFiles/main.dir/D_/vscodecc++/Pico/picoproject/pico-sdk/src/rp2_common/pico_double/double_v1_rom_shim.S.obj
LOAD CMakeFiles/main.dir/D_/vscodecc++/Pico/picoproject/pico-sdk/src/rp2_common/pico_int64_ops/pico_int64_ops_aeabi.S.obj
LOAD CMakeFiles/main.dir/D_/vscodecc++/Pico/picoproject/pico-sdk/src/rp2_common/pico_float/float_aeabi.S.obj
LOAD CMakeFiles/main.dir/D_/vscodecc++/Pico/picoproject/pico-sdk/src/rp2_common/pico_float/float_init_rom.c.obj
LOAD CMakeFiles/main.dir/D_/vscodecc++/Pico/picoproject/pico-sdk/src/rp2_common/pico_float/float_math.c.obj
LOAD CMakeFiles/main.dir/D_/vscodecc++/Pico/picoproject/pico-sdk/src/rp2_common/pico_float/float_v1_rom_shim.S.obj
LOAD CMakeFiles/main.dir/D_/vscodecc++/Pico/picoproject/pico-sdk/src/rp2_common/pico_malloc/pico_malloc.c.obj
LOAD CMakeFiles/main.dir/D_/vscodecc++/Pico/picoproject/pico-sdk/src/rp2_common/pico_mem_ops/mem_ops_aeabi.S.obj
LOAD CMakeFiles/main.dir/D_/vscodecc++/Pico/picoproject/pico-sdk/src/rp2_common/pico_standard_link/crt0.S.obj
LOAD CMakeFiles/main.dir/D_/vscodecc++/Pico/picoproject/pico-sdk/src/rp2_common/pico_standard_link/new_delete.cpp.obj
LOAD CMakeFiles/main.dir/D_/vscodecc++/Pico/picoproject/pico-sdk/src/rp2_common/pico_standard_link/binary_info.c.obj
LOAD CMakeFiles/main.dir/D_/vscodecc++/Pico/picoproject/pico-sdk/src/rp2_common/pico_stdio/stdio.c.obj
LOAD CMakeFiles/main.dir/D_/vscodecc++/Pico/picoproject/pico-sdk/src/rp2_common/pico_stdio_uart/stdio_uart.c.obj
LOAD CMakeFiles/main.dir/D_/vscodecc++/Pico/picoproject/pico-sdk/src/rp2_common/hardware_spi/spi.c.obj
LOAD TFT_LIB\libILI9431.a
LOAD C:\Users\MKAC-11\AppData\Local\Temp\cceCjKNm.o
LOAD d:/vscode~1/gnu_arm/102021~1.10/bin/../lib/gcc/arm-none-eabi/10.3.1/../../../../arm-none-eabi/lib/thumb/v6-m/nofp\libstdc++.a
LOAD d:/vscode~1/gnu_arm/102021~1.10/bin/../lib/gcc/arm-none-eabi/10.3.1/../../../../arm-none-eabi/lib/thumb/v6-m/nofp\libm.a
START GROUP
LOAD d:/vscode~1/gnu_arm/102021~1.10/bin/../lib/gcc/arm-none-eabi/10.3.1/thumb/v6-m/nofp\libgcc.a
LOAD d:/vscode~1/gnu_arm/102021~1.10/bin/../lib/gcc/arm-none-eabi/10.3.1/../../../../arm-none-eabi/lib/thumb/v6-m/nofp\libg.a
LOAD d:/vscode~1/gnu_arm/102021~1.10/bin/../lib/gcc/arm-none-eabi/10.3.1/../../../../arm-none-eabi/lib/thumb/v6-m/nofp\libc.a
END GROUP
START GROUP
LOAD d:/vscode~1/gnu_arm/102021~1.10/bin/../lib/gcc/arm-none-eabi/10.3.1/thumb/v6-m/nofp\libgcc.a
LOAD d:/vscode~1/gnu_arm/102021~1.10/bin/../lib/gcc/arm-none-eabi/10.3.1/../../../../arm-none-eabi/lib/thumb/v6-m/nofp\libc.a
LOAD d:/vscode~1/gnu_arm/102021~1.10/bin/../lib/gcc/arm-none-eabi/10.3.1/../../../../arm-none-eabi/lib/thumb/v6-m/nofp\libnosys.a
END GROUP
LOAD d:/vscode~1/gnu_arm/102021~1.10/bin/../lib/gcc/arm-none-eabi/10.3.1/thumb/v6-m/nofp/crtend.o
LOAD d:/vscode~1/gnu_arm/102021~1.10/bin/../lib/gcc/arm-none-eabi/10.3.1/thumb/v6-m/nofp/crtn.o
OUTPUT(main.elf elf32-littlearm)
LOAD linker stubs

.ARM.attributes
                0x00000000       0x28
 .ARM.attributes
                0x00000000       0x1e d:/vscode~1/gnu_arm/102021~1.10/bin/../lib/gcc/arm-none-eabi/10.3.1/thumb/v6-m/nofp/crti.o
 .ARM.attributes
                0x0000001e       0x2c d:/vscode~1/gnu_arm/102021~1.10/bin/../lib/gcc/arm-none-eabi/10.3.1/thumb/v6-m/nofp/crtbegin.o
 .ARM.attributes
                0x0000004a       0x2c CMakeFiles/main.dir/main.c.obj
 .ARM.attributes
                0x00000076       0x2c CMakeFiles/main.dir/D_/vscodecc++/Pico/picoproject/pico-sdk/src/rp2_common/hardware_claim/claim.c.obj
 .ARM.attributes
                0x000000a2       0x2c CMakeFiles/main.dir/D_/vscodecc++/Pico/picoproject/pico-sdk/src/rp2_common/pico_platform/platform.c.obj
 .ARM.attributes
                0x000000ce       0x2c CMakeFiles/main.dir/D_/vscodecc++/Pico/picoproject/pico-sdk/src/rp2_common/hardware_sync/sync.c.obj
 .ARM.attributes
                0x000000fa       0x2c CMakeFiles/main.dir/D_/vscodecc++/Pico/picoproject/pico-sdk/src/common/pico_time/time.c.obj
 .ARM.attributes
                0x00000126       0x2c CMakeFiles/main.dir/D_/vscodecc++/Pico/picoproject/pico-sdk/src/rp2_common/hardware_timer/timer.c.obj
 .ARM.attributes
                0x00000152       0x2c CMakeFiles/main.dir/D_/vscodecc++/Pico/picoproject/pico-sdk/src/common/pico_sync/lock_core.c.obj
 .ARM.attributes
                0x0000017e       0x2c CMakeFiles/main.dir/D_/vscodecc++/Pico/picoproject/pico-sdk/src/common/pico_sync/mutex.c.obj
 .ARM.attributes
                0x000001aa       0x2c CMakeFiles/main.dir/D_/vscodecc++/Pico/picoproject/pico-sdk/src/common/pico_util/pheap.c.obj
 .ARM.attributes
                0x000001d6       0x2c CMakeFiles/main.dir/D_/vscodecc++/Pico/picoproject/pico-sdk/src/rp2_common/pico_runtime/runtime.c.obj
 .ARM.attributes
                0x00000202       0x2c CMakeFiles/main.dir/D_/vscodecc++/Pico/picoproject/pico-sdk/src/rp2_common/hardware_clocks/clocks.c.obj
 .ARM.attributes
                0x0000022e       0x2c CMakeFiles/main.dir/D_/vscodecc++/Pico/picoproject/pico-sdk/src/rp2_common/hardware_irq/irq.c.obj
 .ARM.attributes
                0x0000025a       0x22 CMakeFiles/main.dir/D_/vscodecc++/Pico/picoproject/pico-sdk/src/rp2_common/hardware_irq/irq_handler_chain.S.obj
 .ARM.attributes
                0x0000027c       0x2c CMakeFiles/main.dir/D_/vscodecc++/Pico/picoproject/pico-sdk/src/rp2_common/hardware_pll/pll.c.obj
 .ARM.attributes
                0x000002a8       0x2c CMakeFiles/main.dir/D_/vscodecc++/Pico/picoproject/pico-sdk/src/rp2_common/hardware_watchdog/watchdog.c.obj
 .ARM.attributes
                0x000002d4       0x2c CMakeFiles/main.dir/D_/vscodecc++/Pico/picoproject/pico-sdk/src/rp2_common/hardware_xosc/xosc.c.obj
 .ARM.attributes
                0x00000300       0x2c CMakeFiles/main.dir/D_/vscodecc++/Pico/picoproject/pico-sdk/src/rp2_common/pico_printf/printf.c.obj
 .ARM.attributes
                0x0000032c       0x22 CMakeFiles/main.dir/D_/vscodecc++/Pico/picoproject/pico-sdk/src/rp2_common/pico_bit_ops/bit_ops_aeabi.S.obj
 .ARM.attributes
                0x0000034e       0x2c CMakeFiles/main.dir/D_/vscodecc++/Pico/picoproject/pico-sdk/src/rp2_common/pico_bootrom/bootrom.c.obj
 .ARM.attributes
                0x0000037a       0x22 CMakeFiles/main.dir/D_/vscodecc++/Pico/picoproject/pico-sdk/src/rp2_common/pico_divider/divider.S.obj
 .ARM.attributes
                0x0000039c       0x22 CMakeFiles/main.dir/D_/vscodecc++/Pico/picoproject/pico-sdk/src/rp2_common/pico_double/double_aeabi.S.obj
 .ARM.attributes
                0x000003be       0x2c CMakeFiles/main.dir/D_/vscodecc++/Pico/picoproject/pico-sdk/src/rp2_common/pico_double/double_init_rom.c.obj
 .ARM.attributes
                0x000003ea       0x22 CMakeFiles/main.dir/D_/vscodecc++/Pico/picoproject/pico-sdk/src/rp2_common/pico_double/double_v1_rom_shim.S.obj
 .ARM.attributes
                0x0000040c       0x22 CMakeFiles/main.dir/D_/vscodecc++/Pico/picoproject/pico-sdk/src/rp2_common/pico_float/float_aeabi.S.obj
 .ARM.attributes
                0x0000042e       0x2c CMakeFiles/main.dir/D_/vscodecc++/Pico/picoproject/pico-sdk/src/rp2_common/pico_float/float_init_rom.c.obj
 .ARM.attributes
                0x0000045a       0x22 CMakeFiles/main.dir/D_/vscodecc++/Pico/picoproject/pico-sdk/src/rp2_common/pico_float/float_v1_rom_shim.S.obj
 .ARM.attributes
                0x0000047c       0x22 CMakeFiles/main.dir/D_/vscodecc++/Pico/picoproject/pico-sdk/src/rp2_common/pico_mem_ops/mem_ops_aeabi.S.obj
 .ARM.attributes
                0x0000049e       0x22 CMakeFiles/main.dir/D_/vscodecc++/Pico/picoproject/pico-sdk/src/rp2_common/pico_standard_link/crt0.S.obj
 .ARM.attributes
                0x000004c0       0x2c CMakeFiles/main.dir/D_/vscodecc++/Pico/picoproject/pico-sdk/src/rp2_common/pico_standard_link/binary_info.c.obj
 .ARM.attributes
                0x000004ec       0x2c CMakeFiles/main.dir/D_/vscodecc++/Pico/picoproject/pico-sdk/src/rp2_common/pico_stdio/stdio.c.obj
 .ARM.attributes
                0x00000518       0x22 C:\Users\MKAC-11\AppData\Local\Temp\cceCjKNm.o
 .ARM.attributes
                0x0000053a       0x1e d:/vscode~1/gnu_arm/102021~1.10/bin/../lib/gcc/arm-none-eabi/10.3.1/thumb/v6-m/nofp\libgcc.a(_dvmd_tls.o)
 .ARM.attributes
                0x00000558       0x2c d:/vscode~1/gnu_arm/102021~1.10/bin/../lib/gcc/arm-none-eabi/10.3.1/../../../../arm-none-eabi/lib/thumb/v6-m/nofp\libg.a(lib_a-strlen-stub.o)

.comment        0x00000000       0x49
 .comment       0x00000000       0x49 CMakeFiles/main.dir/main.c.obj
                                 0x4a (size before relaxing)
 .comment       0x00000049       0x4a CMakeFiles/main.dir/D_/vscodecc++/Pico/picoproject/pico-sdk/src/rp2_common/hardware_claim/claim.c.obj
 .comment       0x00000049       0x4a CMakeFiles/main.dir/D_/vscodecc++/Pico/picoproject/pico-sdk/src/rp2_common/pico_platform/platform.c.obj
 .comment       0x00000049       0x4a CMakeFiles/main.dir/D_/vscodecc++/Pico/picoproject/pico-sdk/src/rp2_common/hardware_sync/sync.c.obj
 .comment       0x00000049       0x4a CMakeFiles/main.dir/D_/vscodecc++/Pico/picoproject/pico-sdk/src/common/pico_time/time.c.obj
 .comment       0x00000049       0x4a CMakeFiles/main.dir/D_/vscodecc++/Pico/picoproject/pico-sdk/src/rp2_common/hardware_timer/timer.c.obj
 .comment       0x00000049       0x4a CMakeFiles/main.dir/D_/vscodecc++/Pico/picoproject/pico-sdk/src/common/pico_sync/lock_core.c.obj
 .comment       0x00000049       0x4a CMakeFiles/main.dir/D_/vscodecc++/Pico/picoproject/pico-sdk/src/common/pico_sync/mutex.c.obj
 .comment       0x00000049       0x4a CMakeFiles/main.dir/D_/vscodecc++/Pico/picoproject/pico-sdk/src/common/pico_util/pheap.c.obj
 .comment       0x00000049       0x4a CMakeFiles/main.dir/D_/vscodecc++/Pico/picoproject/pico-sdk/src/rp2_common/pico_runtime/runtime.c.obj
 .comment       0x00000049       0x4a CMakeFiles/main.dir/D_/vscodecc++/Pico/picoproject/pico-sdk/src/rp2_common/hardware_clocks/clocks.c.obj
 .comment       0x00000049       0x4a CMakeFiles/main.dir/D_/vscodecc++/Pico/picoproject/pico-sdk/src/rp2_common/hardware_irq/irq.c.obj
 .comment       0x00000049       0x4a CMakeFiles/main.dir/D_/vscodecc++/Pico/picoproject/pico-sdk/src/rp2_common/hardware_pll/pll.c.obj
 .comment       0x00000049       0x4a CMakeFiles/main.dir/D_/vscodecc++/Pico/picoproject/pico-sdk/src/rp2_common/hardware_watchdog/watchdog.c.obj
 .comment       0x00000049       0x4a CMakeFiles/main.dir/D_/vscodecc++/Pico/picoproject/pico-sdk/src/rp2_common/hardware_xosc/xosc.c.obj
 .comment       0x00000049       0x4a CMakeFiles/main.dir/D_/vscodecc++/Pico/picoproject/pico-sdk/src/rp2_common/pico_printf/printf.c.obj
 .comment       0x00000049       0x4a CMakeFiles/main.dir/D_/vscodecc++/Pico/picoproject/pico-sdk/src/rp2_common/pico_bootrom/bootrom.c.obj
 .comment       0x00000049       0x4a CMakeFiles/main.dir/D_/vscodecc++/Pico/picoproject/pico-sdk/src/rp2_common/pico_double/double_init_rom.c.obj
 .comment       0x00000049       0x4a CMakeFiles/main.dir/D_/vscodecc++/Pico/picoproject/pico-sdk/src/rp2_common/pico_float/float_init_rom.c.obj
 .comment       0x00000049       0x4a CMakeFiles/main.dir/D_/vscodecc++/Pico/picoproject/pico-sdk/src/rp2_common/pico_standard_link/binary_info.c.obj
 .comment       0x00000049       0x4a CMakeFiles/main.dir/D_/vscodecc++/Pico/picoproject/pico-sdk/src/rp2_common/pico_stdio/stdio.c.obj

.debug_info     0x00000000    0x107a4
 .debug_info    0x00000000       0x9e CMakeFiles/main.dir/main.c.obj
 .debug_info    0x0000009e      0x6bb CMakeFiles/main.dir/D_/vscodecc++/Pico/picoproject/pico-sdk/src/rp2_common/hardware_claim/claim.c.obj
 .debug_info    0x00000759      0x1e3 CMakeFiles/main.dir/D_/vscodecc++/Pico/picoproject/pico-sdk/src/rp2_common/pico_platform/platform.c.obj
 .debug_info    0x0000093c      0x58e CMakeFiles/main.dir/D_/vscodecc++/Pico/picoproject/pico-sdk/src/rp2_common/hardware_sync/sync.c.obj
 .debug_info    0x00000eca     0x3b3b CMakeFiles/main.dir/D_/vscodecc++/Pico/picoproject/pico-sdk/src/common/pico_time/time.c.obj
 .debug_info    0x00004a05     0x1134 CMakeFiles/main.dir/D_/vscodecc++/Pico/picoproject/pico-sdk/src/rp2_common/hardware_timer/timer.c.obj
 .debug_info    0x00005b39      0x1a4 CMakeFiles/main.dir/D_/vscodecc++/Pico/picoproject/pico-sdk/src/common/pico_sync/lock_core.c.obj
 .debug_info    0x00005cdd     0x2022 CMakeFiles/main.dir/D_/vscodecc++/Pico/picoproject/pico-sdk/src/common/pico_sync/mutex.c.obj
 .debug_info    0x00007cff     0x120c CMakeFiles/main.dir/D_/vscodecc++/Pico/picoproject/pico-sdk/src/common/pico_util/pheap.c.obj
 .debug_info    0x00008f0b      0xa87 CMakeFiles/main.dir/D_/vscodecc++/Pico/picoproject/pico-sdk/src/rp2_common/pico_runtime/runtime.c.obj
 .debug_info    0x00009992      0xf6c CMakeFiles/main.dir/D_/vscodecc++/Pico/picoproject/pico-sdk/src/rp2_common/hardware_clocks/clocks.c.obj
 .debug_info    0x0000a8fe     0x1953 CMakeFiles/main.dir/D_/vscodecc++/Pico/picoproject/pico-sdk/src/rp2_common/hardware_irq/irq.c.obj
 .debug_info    0x0000c251      0x51b CMakeFiles/main.dir/D_/vscodecc++/Pico/picoproject/pico-sdk/src/rp2_common/hardware_pll/pll.c.obj
 .debug_info    0x0000c76c      0x4ee CMakeFiles/main.dir/D_/vscodecc++/Pico/picoproject/pico-sdk/src/rp2_common/hardware_watchdog/watchdog.c.obj
 .debug_info    0x0000cc5a      0x1d8 CMakeFiles/main.dir/D_/vscodecc++/Pico/picoproject/pico-sdk/src/rp2_common/hardware_xosc/xosc.c.obj
 .debug_info    0x0000ce32     0x1a5f CMakeFiles/main.dir/D_/vscodecc++/Pico/picoproject/pico-sdk/src/rp2_common/pico_printf/printf.c.obj
 .debug_info    0x0000e891       0x22 CMakeFiles/main.dir/D_/vscodecc++/Pico/picoproject/pico-sdk/src/rp2_common/pico_bit_ops/bit_ops_aeabi.S.obj
 .debug_info    0x0000e8b3      0x27c CMakeFiles/main.dir/D_/vscodecc++/Pico/picoproject/pico-sdk/src/rp2_common/pico_bootrom/bootrom.c.obj
 .debug_info    0x0000eb2f       0x22 CMakeFiles/main.dir/D_/vscodecc++/Pico/picoproject/pico-sdk/src/rp2_common/pico_divider/divider.S.obj
 .debug_info    0x0000eb51       0x22 CMakeFiles/main.dir/D_/vscodecc++/Pico/picoproject/pico-sdk/src/rp2_common/pico_double/double_aeabi.S.obj
 .debug_info    0x0000eb73      0x2d1 CMakeFiles/main.dir/D_/vscodecc++/Pico/picoproject/pico-sdk/src/rp2_common/pico_double/double_init_rom.c.obj
 .debug_info    0x0000ee44       0x22 CMakeFiles/main.dir/D_/vscodecc++/Pico/picoproject/pico-sdk/src/rp2_common/pico_double/double_v1_rom_shim.S.obj
 .debug_info    0x0000ee66       0x22 CMakeFiles/main.dir/D_/vscodecc++/Pico/picoproject/pico-sdk/src/rp2_common/pico_float/float_aeabi.S.obj
 .debug_info    0x0000ee88      0x2eb CMakeFiles/main.dir/D_/vscodecc++/Pico/picoproject/pico-sdk/src/rp2_common/pico_float/float_init_rom.c.obj
 .debug_info    0x0000f173       0x22 CMakeFiles/main.dir/D_/vscodecc++/Pico/picoproject/pico-sdk/src/rp2_common/pico_float/float_v1_rom_shim.S.obj
 .debug_info    0x0000f195       0x22 CMakeFiles/main.dir/D_/vscodecc++/Pico/picoproject/pico-sdk/src/rp2_common/pico_mem_ops/mem_ops_aeabi.S.obj
 .debug_info    0x0000f1b7       0x22 CMakeFiles/main.dir/D_/vscodecc++/Pico/picoproject/pico-sdk/src/rp2_common/pico_standard_link/crt0.S.obj
 .debug_info    0x0000f1d9      0x2f6 CMakeFiles/main.dir/D_/vscodecc++/Pico/picoproject/pico-sdk/src/rp2_common/pico_standard_link/binary_info.c.obj
 .debug_info    0x0000f4cf     0x12d5 CMakeFiles/main.dir/D_/vscodecc++/Pico/picoproject/pico-sdk/src/rp2_common/pico_stdio/stdio.c.obj

.debug_abbrev   0x00000000     0x34b4
 .debug_abbrev  0x00000000       0x44 CMakeFiles/main.dir/main.c.obj
 .debug_abbrev  0x00000044      0x2e9 CMakeFiles/main.dir/D_/vscodecc++/Pico/picoproject/pico-sdk/src/rp2_common/hardware_claim/claim.c.obj
 .debug_abbrev  0x0000032d       0xeb CMakeFiles/main.dir/D_/vscodecc++/Pico/picoproject/pico-sdk/src/rp2_common/pico_platform/platform.c.obj
 .debug_abbrev  0x00000418      0x21b CMakeFiles/main.dir/D_/vscodecc++/Pico/picoproject/pico-sdk/src/rp2_common/hardware_sync/sync.c.obj
 .debug_abbrev  0x00000633      0x54d CMakeFiles/main.dir/D_/vscodecc++/Pico/picoproject/pico-sdk/src/common/pico_time/time.c.obj
 .debug_abbrev  0x00000b80      0x3a2 CMakeFiles/main.dir/D_/vscodecc++/Pico/picoproject/pico-sdk/src/rp2_common/hardware_timer/timer.c.obj
 .debug_abbrev  0x00000f22      0x116 CMakeFiles/main.dir/D_/vscodecc++/Pico/picoproject/pico-sdk/src/common/pico_sync/lock_core.c.obj
 .debug_abbrev  0x00001038      0x386 CMakeFiles/main.dir/D_/vscodecc++/Pico/picoproject/pico-sdk/src/common/pico_sync/mutex.c.obj
 .debug_abbrev  0x000013be      0x297 CMakeFiles/main.dir/D_/vscodecc++/Pico/picoproject/pico-sdk/src/common/pico_util/pheap.c.obj
 .debug_abbrev  0x00001655      0x3aa CMakeFiles/main.dir/D_/vscodecc++/Pico/picoproject/pico-sdk/src/rp2_common/pico_runtime/runtime.c.obj
 .debug_abbrev  0x000019ff      0x3a5 CMakeFiles/main.dir/D_/vscodecc++/Pico/picoproject/pico-sdk/src/rp2_common/hardware_clocks/clocks.c.obj
 .debug_abbrev  0x00001da4      0x4cd CMakeFiles/main.dir/D_/vscodecc++/Pico/picoproject/pico-sdk/src/rp2_common/hardware_irq/irq.c.obj
 .debug_abbrev  0x00002271      0x1ea CMakeFiles/main.dir/D_/vscodecc++/Pico/picoproject/pico-sdk/src/rp2_common/hardware_pll/pll.c.obj
 .debug_abbrev  0x0000245b      0x1a8 CMakeFiles/main.dir/D_/vscodecc++/Pico/picoproject/pico-sdk/src/rp2_common/hardware_watchdog/watchdog.c.obj
 .debug_abbrev  0x00002603      0x109 CMakeFiles/main.dir/D_/vscodecc++/Pico/picoproject/pico-sdk/src/rp2_common/hardware_xosc/xosc.c.obj
 .debug_abbrev  0x0000270c      0x384 CMakeFiles/main.dir/D_/vscodecc++/Pico/picoproject/pico-sdk/src/rp2_common/pico_printf/printf.c.obj
 .debug_abbrev  0x00002a90       0x12 CMakeFiles/main.dir/D_/vscodecc++/Pico/picoproject/pico-sdk/src/rp2_common/pico_bit_ops/bit_ops_aeabi.S.obj
 .debug_abbrev  0x00002aa2      0x13b CMakeFiles/main.dir/D_/vscodecc++/Pico/picoproject/pico-sdk/src/rp2_common/pico_bootrom/bootrom.c.obj
 .debug_abbrev  0x00002bdd       0x12 CMakeFiles/main.dir/D_/vscodecc++/Pico/picoproject/pico-sdk/src/rp2_common/pico_divider/divider.S.obj
 .debug_abbrev  0x00002bef       0x12 CMakeFiles/main.dir/D_/vscodecc++/Pico/picoproject/pico-sdk/src/rp2_common/pico_double/double_aeabi.S.obj
 .debug_abbrev  0x00002c01      0x179 CMakeFiles/main.dir/D_/vscodecc++/Pico/picoproject/pico-sdk/src/rp2_common/pico_double/double_init_rom.c.obj
 .debug_abbrev  0x00002d7a       0x12 CMakeFiles/main.dir/D_/vscodecc++/Pico/picoproject/pico-sdk/src/rp2_common/pico_double/double_v1_rom_shim.S.obj
 .debug_abbrev  0x00002d8c       0x12 CMakeFiles/main.dir/D_/vscodecc++/Pico/picoproject/pico-sdk/src/rp2_common/pico_float/float_aeabi.S.obj
 .debug_abbrev  0x00002d9e      0x18c CMakeFiles/main.dir/D_/vscodecc++/Pico/picoproject/pico-sdk/src/rp2_common/pico_float/float_init_rom.c.obj
 .debug_abbrev  0x00002f2a       0x12 CMakeFiles/main.dir/D_/vscodecc++/Pico/picoproject/pico-sdk/src/rp2_common/pico_float/float_v1_rom_shim.S.obj
 .debug_abbrev  0x00002f3c       0x12 CMakeFiles/main.dir/D_/vscodecc++/Pico/picoproject/pico-sdk/src/rp2_common/pico_mem_ops/mem_ops_aeabi.S.obj
 .debug_abbrev  0x00002f4e       0x12 CMakeFiles/main.dir/D_/vscodecc++/Pico/picoproject/pico-sdk/src/rp2_common/pico_standard_link/crt0.S.obj
 .debug_abbrev  0x00002f60       0xad CMakeFiles/main.dir/D_/vscodecc++/Pico/picoproject/pico-sdk/src/rp2_common/pico_standard_link/binary_info.c.obj
 .debug_abbrev  0x0000300d      0x4a7 CMakeFiles/main.dir/D_/vscodecc++/Pico/picoproject/pico-sdk/src/rp2_common/pico_stdio/stdio.c.obj

.debug_aranges  0x00000000      0xbe0
 .debug_aranges
                0x00000000       0x20 CMakeFiles/main.dir/main.c.obj
 .debug_aranges
                0x00000020       0x48 CMakeFiles/main.dir/D_/vscodecc++/Pico/picoproject/pico-sdk/src/rp2_common/hardware_claim/claim.c.obj
 .debug_aranges
                0x00000068       0x28 CMakeFiles/main.dir/D_/vscodecc++/Pico/picoproject/pico-sdk/src/rp2_common/pico_platform/platform.c.obj
 .debug_aranges
                0x00000090       0x58 CMakeFiles/main.dir/D_/vscodecc++/Pico/picoproject/pico-sdk/src/rp2_common/hardware_sync/sync.c.obj
 .debug_aranges
                0x000000e8       0xd0 CMakeFiles/main.dir/D_/vscodecc++/Pico/picoproject/pico-sdk/src/common/pico_time/time.c.obj
 .debug_aranges
                0x000001b8       0x78 CMakeFiles/main.dir/D_/vscodecc++/Pico/picoproject/pico-sdk/src/rp2_common/hardware_timer/timer.c.obj
 .debug_aranges
                0x00000230       0x20 CMakeFiles/main.dir/D_/vscodecc++/Pico/picoproject/pico-sdk/src/common/pico_sync/lock_core.c.obj
 .debug_aranges
                0x00000250       0x88 CMakeFiles/main.dir/D_/vscodecc++/Pico/picoproject/pico-sdk/src/common/pico_sync/mutex.c.obj
 .debug_aranges
                0x000002d8       0x78 CMakeFiles/main.dir/D_/vscodecc++/Pico/picoproject/pico-sdk/src/common/pico_util/pheap.c.obj
 .debug_aranges
                0x00000350       0x60 CMakeFiles/main.dir/D_/vscodecc++/Pico/picoproject/pico-sdk/src/rp2_common/pico_runtime/runtime.c.obj
 .debug_aranges
                0x000003b0       0x70 CMakeFiles/main.dir/D_/vscodecc++/Pico/picoproject/pico-sdk/src/rp2_common/hardware_clocks/clocks.c.obj
 .debug_aranges
                0x00000420       0x98 CMakeFiles/main.dir/D_/vscodecc++/Pico/picoproject/pico-sdk/src/rp2_common/hardware_irq/irq.c.obj
 .debug_aranges
                0x000004b8       0x28 CMakeFiles/main.dir/D_/vscodecc++/Pico/picoproject/pico-sdk/src/rp2_common/hardware_pll/pll.c.obj
 .debug_aranges
                0x000004e0       0x58 CMakeFiles/main.dir/D_/vscodecc++/Pico/picoproject/pico-sdk/src/rp2_common/hardware_watchdog/watchdog.c.obj
 .debug_aranges
                0x00000538       0x30 CMakeFiles/main.dir/D_/vscodecc++/Pico/picoproject/pico-sdk/src/rp2_common/hardware_xosc/xosc.c.obj
 .debug_aranges
                0x00000568       0x90 CMakeFiles/main.dir/D_/vscodecc++/Pico/picoproject/pico-sdk/src/rp2_common/pico_printf/printf.c.obj
 .debug_aranges
                0x000005f8       0x68 CMakeFiles/main.dir/D_/vscodecc++/Pico/picoproject/pico-sdk/src/rp2_common/pico_bit_ops/bit_ops_aeabi.S.obj
 .debug_aranges
                0x00000660       0x30 CMakeFiles/main.dir/D_/vscodecc++/Pico/picoproject/pico-sdk/src/rp2_common/pico_bootrom/bootrom.c.obj
 .debug_aranges
                0x00000690       0x40 CMakeFiles/main.dir/D_/vscodecc++/Pico/picoproject/pico-sdk/src/rp2_common/pico_divider/divider.S.obj
 .debug_aranges
                0x000006d0      0x140 CMakeFiles/main.dir/D_/vscodecc++/Pico/picoproject/pico-sdk/src/rp2_common/pico_double/double_aeabi.S.obj
 .debug_aranges
                0x00000810       0x20 CMakeFiles/main.dir/D_/vscodecc++/Pico/picoproject/pico-sdk/src/rp2_common/pico_double/double_init_rom.c.obj
 .debug_aranges
                0x00000830       0xc8 CMakeFiles/main.dir/D_/vscodecc++/Pico/picoproject/pico-sdk/src/rp2_common/pico_double/double_v1_rom_shim.S.obj
 .debug_aranges
                0x000008f8      0x130 CMakeFiles/main.dir/D_/vscodecc++/Pico/picoproject/pico-sdk/src/rp2_common/pico_float/float_aeabi.S.obj
 .debug_aranges
                0x00000a28       0x20 CMakeFiles/main.dir/D_/vscodecc++/Pico/picoproject/pico-sdk/src/rp2_common/pico_float/float_init_rom.c.obj
 .debug_aranges
                0x00000a48       0x50 CMakeFiles/main.dir/D_/vscodecc++/Pico/picoproject/pico-sdk/src/rp2_common/pico_float/float_v1_rom_shim.S.obj
 .debug_aranges
                0x00000a98       0x38 CMakeFiles/main.dir/D_/vscodecc++/Pico/picoproject/pico-sdk/src/rp2_common/pico_mem_ops/mem_ops_aeabi.S.obj
 .debug_aranges
                0x00000ad0       0x28 CMakeFiles/main.dir/D_/vscodecc++/Pico/picoproject/pico-sdk/src/rp2_common/pico_standard_link/crt0.S.obj
 .debug_aranges
                0x00000af8       0x18 CMakeFiles/main.dir/D_/vscodecc++/Pico/picoproject/pico-sdk/src/rp2_common/pico_standard_link/binary_info.c.obj
 .debug_aranges
                0x00000b10       0xd0 CMakeFiles/main.dir/D_/vscodecc++/Pico/picoproject/pico-sdk/src/rp2_common/pico_stdio/stdio.c.obj

.debug_ranges   0x00000000     0x2aa0
 .debug_ranges  0x00000000       0x10 CMakeFiles/main.dir/main.c.obj
 .debug_ranges  0x00000010       0xd8 CMakeFiles/main.dir/D_/vscodecc++/Pico/picoproject/pico-sdk/src/rp2_common/hardware_claim/claim.c.obj
 .debug_ranges  0x000000e8       0x18 CMakeFiles/main.dir/D_/vscodecc++/Pico/picoproject/pico-sdk/src/rp2_common/pico_platform/platform.c.obj
 .debug_ranges  0x00000100       0xf0 CMakeFiles/main.dir/D_/vscodecc++/Pico/picoproject/pico-sdk/src/rp2_common/hardware_sync/sync.c.obj
 .debug_ranges  0x000001f0      0xba0 CMakeFiles/main.dir/D_/vscodecc++/Pico/picoproject/pico-sdk/src/common/pico_time/time.c.obj
 .debug_ranges  0x00000d90      0x320 CMakeFiles/main.dir/D_/vscodecc++/Pico/picoproject/pico-sdk/src/rp2_common/hardware_timer/timer.c.obj
 .debug_ranges  0x000010b0       0x10 CMakeFiles/main.dir/D_/vscodecc++/Pico/picoproject/pico-sdk/src/common/pico_sync/lock_core.c.obj
 .debug_ranges  0x000010c0      0xab8 CMakeFiles/main.dir/D_/vscodecc++/Pico/picoproject/pico-sdk/src/common/pico_sync/mutex.c.obj
 .debug_ranges  0x00001b78      0x248 CMakeFiles/main.dir/D_/vscodecc++/Pico/picoproject/pico-sdk/src/common/pico_util/pheap.c.obj
 .debug_ranges  0x00001dc0       0x80 CMakeFiles/main.dir/D_/vscodecc++/Pico/picoproject/pico-sdk/src/rp2_common/pico_runtime/runtime.c.obj
 .debug_ranges  0x00001e40       0x60 CMakeFiles/main.dir/D_/vscodecc++/Pico/picoproject/pico-sdk/src/rp2_common/hardware_clocks/clocks.c.obj
 .debug_ranges  0x00001ea0      0x3d0 CMakeFiles/main.dir/D_/vscodecc++/Pico/picoproject/pico-sdk/src/rp2_common/hardware_irq/irq.c.obj
 .debug_ranges  0x00002270       0x30 CMakeFiles/main.dir/D_/vscodecc++/Pico/picoproject/pico-sdk/src/rp2_common/hardware_pll/pll.c.obj
 .debug_ranges  0x000022a0       0x48 CMakeFiles/main.dir/D_/vscodecc++/Pico/picoproject/pico-sdk/src/rp2_common/hardware_watchdog/watchdog.c.obj
 .debug_ranges  0x000022e8       0x20 CMakeFiles/main.dir/D_/vscodecc++/Pico/picoproject/pico-sdk/src/rp2_common/hardware_xosc/xosc.c.obj
 .debug_ranges  0x00002308      0x108 CMakeFiles/main.dir/D_/vscodecc++/Pico/picoproject/pico-sdk/src/rp2_common/pico_printf/printf.c.obj
 .debug_ranges  0x00002410       0x60 CMakeFiles/main.dir/D_/vscodecc++/Pico/picoproject/pico-sdk/src/rp2_common/pico_bit_ops/bit_ops_aeabi.S.obj
 .debug_ranges  0x00002470       0x38 CMakeFiles/main.dir/D_/vscodecc++/Pico/picoproject/pico-sdk/src/rp2_common/pico_bootrom/bootrom.c.obj
 .debug_ranges  0x000024a8       0x38 CMakeFiles/main.dir/D_/vscodecc++/Pico/picoproject/pico-sdk/src/rp2_common/pico_divider/divider.S.obj
 .debug_ranges  0x000024e0      0x138 CMakeFiles/main.dir/D_/vscodecc++/Pico/picoproject/pico-sdk/src/rp2_common/pico_double/double_aeabi.S.obj
 .debug_ranges  0x00002618       0x30 CMakeFiles/main.dir/D_/vscodecc++/Pico/picoproject/pico-sdk/src/rp2_common/pico_double/double_init_rom.c.obj
 .debug_ranges  0x00002648       0xc0 CMakeFiles/main.dir/D_/vscodecc++/Pico/picoproject/pico-sdk/src/rp2_common/pico_double/double_v1_rom_shim.S.obj
 .debug_ranges  0x00002708      0x128 CMakeFiles/main.dir/D_/vscodecc++/Pico/picoproject/pico-sdk/src/rp2_common/pico_float/float_aeabi.S.obj
 .debug_ranges  0x00002830       0x28 CMakeFiles/main.dir/D_/vscodecc++/Pico/picoproject/pico-sdk/src/rp2_common/pico_float/float_init_rom.c.obj
 .debug_ranges  0x00002858       0x48 CMakeFiles/main.dir/D_/vscodecc++/Pico/picoproject/pico-sdk/src/rp2_common/pico_float/float_v1_rom_shim.S.obj
 .debug_ranges  0x000028a0       0x30 CMakeFiles/main.dir/D_/vscodecc++/Pico/picoproject/pico-sdk/src/rp2_common/pico_mem_ops/mem_ops_aeabi.S.obj
 .debug_ranges  0x000028d0       0x20 CMakeFiles/main.dir/D_/vscodecc++/Pico/picoproject/pico-sdk/src/rp2_common/pico_standard_link/crt0.S.obj
 .debug_ranges  0x000028f0      0x1b0 CMakeFiles/main.dir/D_/vscodecc++/Pico/picoproject/pico-sdk/src/rp2_common/pico_stdio/stdio.c.obj

.debug_line     0x00000000     0xba39
 .debug_line    0x00000000       0x71 CMakeFiles/main.dir/main.c.obj
 .debug_line    0x00000071      0x48c CMakeFiles/main.dir/D_/vscodecc++/Pico/picoproject/pico-sdk/src/rp2_common/hardware_claim/claim.c.obj
 .debug_line    0x000004fd      0x28e CMakeFiles/main.dir/D_/vscodecc++/Pico/picoproject/pico-sdk/src/rp2_common/pico_platform/platform.c.obj
 .debug_line    0x0000078b      0x488 CMakeFiles/main.dir/D_/vscodecc++/Pico/picoproject/pico-sdk/src/rp2_common/hardware_sync/sync.c.obj
 .debug_line    0x00000c13     0x1960 CMakeFiles/main.dir/D_/vscodecc++/Pico/picoproject/pico-sdk/src/common/pico_time/time.c.obj
 .debug_line    0x00002573      0xb3d CMakeFiles/main.dir/D_/vscodecc++/Pico/picoproject/pico-sdk/src/rp2_common/hardware_timer/timer.c.obj
 .debug_line    0x000030b0      0x240 CMakeFiles/main.dir/D_/vscodecc++/Pico/picoproject/pico-sdk/src/common/pico_sync/lock_core.c.obj
 .debug_line    0x000032f0     0x1024 CMakeFiles/main.dir/D_/vscodecc++/Pico/picoproject/pico-sdk/src/common/pico_sync/mutex.c.obj
 .debug_line    0x00004314      0x893 CMakeFiles/main.dir/D_/vscodecc++/Pico/picoproject/pico-sdk/src/common/pico_util/pheap.c.obj
 .debug_line    0x00004ba7      0x885 CMakeFiles/main.dir/D_/vscodecc++/Pico/picoproject/pico-sdk/src/rp2_common/pico_runtime/runtime.c.obj
 .debug_line    0x0000542c      0xa18 CMakeFiles/main.dir/D_/vscodecc++/Pico/picoproject/pico-sdk/src/rp2_common/hardware_clocks/clocks.c.obj
 .debug_line    0x00005e44      0xed3 CMakeFiles/main.dir/D_/vscodecc++/Pico/picoproject/pico-sdk/src/rp2_common/hardware_irq/irq.c.obj
 .debug_line    0x00006d17      0x58d CMakeFiles/main.dir/D_/vscodecc++/Pico/picoproject/pico-sdk/src/rp2_common/hardware_pll/pll.c.obj
 .debug_line    0x000072a4      0x41c CMakeFiles/main.dir/D_/vscodecc++/Pico/picoproject/pico-sdk/src/rp2_common/hardware_watchdog/watchdog.c.obj
 .debug_line    0x000076c0      0x2c0 CMakeFiles/main.dir/D_/vscodecc++/Pico/picoproject/pico-sdk/src/rp2_common/hardware_xosc/xosc.c.obj
 .debug_line    0x00007980     0x1221 CMakeFiles/main.dir/D_/vscodecc++/Pico/picoproject/pico-sdk/src/rp2_common/pico_printf/printf.c.obj
 .debug_line    0x00008ba1      0x154 CMakeFiles/main.dir/D_/vscodecc++/Pico/picoproject/pico-sdk/src/rp2_common/pico_bit_ops/bit_ops_aeabi.S.obj
 .debug_line    0x00008cf5      0x23b CMakeFiles/main.dir/D_/vscodecc++/Pico/picoproject/pico-sdk/src/rp2_common/pico_bootrom/bootrom.c.obj
 .debug_line    0x00008f30      0x2dd CMakeFiles/main.dir/D_/vscodecc++/Pico/picoproject/pico-sdk/src/rp2_common/pico_divider/divider.S.obj
 .debug_line    0x0000920d      0x432 CMakeFiles/main.dir/D_/vscodecc++/Pico/picoproject/pico-sdk/src/rp2_common/pico_double/double_aeabi.S.obj
 .debug_line    0x0000963f      0x365 CMakeFiles/main.dir/D_/vscodecc++/Pico/picoproject/pico-sdk/src/rp2_common/pico_double/double_init_rom.c.obj
 .debug_line    0x000099a4      0x6aa CMakeFiles/main.dir/D_/vscodecc++/Pico/picoproject/pico-sdk/src/rp2_common/pico_double/double_v1_rom_shim.S.obj
 .debug_line    0x0000a04e      0x3e8 CMakeFiles/main.dir/D_/vscodecc++/Pico/picoproject/pico-sdk/src/rp2_common/pico_float/float_aeabi.S.obj
 .debug_line    0x0000a436      0x357 CMakeFiles/main.dir/D_/vscodecc++/Pico/picoproject/pico-sdk/src/rp2_common/pico_float/float_init_rom.c.obj
 .debug_line    0x0000a78d      0x1d4 CMakeFiles/main.dir/D_/vscodecc++/Pico/picoproject/pico-sdk/src/rp2_common/pico_float/float_v1_rom_shim.S.obj
 .debug_line    0x0000a961       0xce CMakeFiles/main.dir/D_/vscodecc++/Pico/picoproject/pico-sdk/src/rp2_common/pico_mem_ops/mem_ops_aeabi.S.obj
 .debug_line    0x0000aa2f       0xdf CMakeFiles/main.dir/D_/vscodecc++/Pico/picoproject/pico-sdk/src/rp2_common/pico_standard_link/crt0.S.obj
 .debug_line    0x0000ab0e      0x1d2 CMakeFiles/main.dir/D_/vscodecc++/Pico/picoproject/pico-sdk/src/rp2_common/pico_standard_link/binary_info.c.obj
 .debug_line    0x0000ace0      0xd59 CMakeFiles/main.dir/D_/vscodecc++/Pico/picoproject/pico-sdk/src/rp2_common/pico_stdio/stdio.c.obj

.debug_str      0x00000000     0x29db
 .debug_str     0x00000000      0x154 CMakeFiles/main.dir/main.c.obj
                                0x18d (size before relaxing)
 .debug_str     0x00000154      0x201 CMakeFiles/main.dir/D_/vscodecc++/Pico/picoproject/pico-sdk/src/rp2_common/hardware_claim/claim.c.obj
                                0x378 (size before relaxing)
 .debug_str     0x00000355       0x97 CMakeFiles/main.dir/D_/vscodecc++/Pico/picoproject/pico-sdk/src/rp2_common/pico_platform/platform.c.obj
                                0x234 (size before relaxing)
 .debug_str     0x000003ec       0xf9 CMakeFiles/main.dir/D_/vscodecc++/Pico/picoproject/pico-sdk/src/rp2_common/hardware_sync/sync.c.obj
                                0x35f (size before relaxing)
 .debug_str     0x000004e5      0x7cd CMakeFiles/main.dir/D_/vscodecc++/Pico/picoproject/pico-sdk/src/common/pico_time/time.c.obj
                                0xbaa (size before relaxing)
 .debug_str     0x00000cb2      0x1d1 CMakeFiles/main.dir/D_/vscodecc++/Pico/picoproject/pico-sdk/src/rp2_common/hardware_timer/timer.c.obj
                                0x6ad (size before relaxing)
 .debug_str     0x00000e83       0x49 CMakeFiles/main.dir/D_/vscodecc++/Pico/picoproject/pico-sdk/src/common/pico_sync/lock_core.c.obj
                                0x215 (size before relaxing)
 .debug_str     0x00000ecc      0x188 CMakeFiles/main.dir/D_/vscodecc++/Pico/picoproject/pico-sdk/src/common/pico_sync/mutex.c.obj
                                0x5d9 (size before relaxing)
 .debug_str     0x00001054       0xf9 CMakeFiles/main.dir/D_/vscodecc++/Pico/picoproject/pico-sdk/src/common/pico_util/pheap.c.obj
                                0x3fe (size before relaxing)
 .debug_str     0x0000114d      0x2fe CMakeFiles/main.dir/D_/vscodecc++/Pico/picoproject/pico-sdk/src/rp2_common/pico_runtime/runtime.c.obj
                                0x617 (size before relaxing)
 .debug_str     0x0000144b      0x37c CMakeFiles/main.dir/D_/vscodecc++/Pico/picoproject/pico-sdk/src/rp2_common/hardware_clocks/clocks.c.obj
                                0x68b (size before relaxing)
 .debug_str     0x000017c7      0x2fb CMakeFiles/main.dir/D_/vscodecc++/Pico/picoproject/pico-sdk/src/rp2_common/hardware_irq/irq.c.obj
                                0x6e1 (size before relaxing)
 .debug_str     0x00001ac2       0x9c CMakeFiles/main.dir/D_/vscodecc++/Pico/picoproject/pico-sdk/src/rp2_common/hardware_pll/pll.c.obj
                                0x2ef (size before relaxing)
 .debug_str     0x00001b5e      0x133 CMakeFiles/main.dir/D_/vscodecc++/Pico/picoproject/pico-sdk/src/rp2_common/hardware_watchdog/watchdog.c.obj
                                0x336 (size before relaxing)
 .debug_str     0x00001c91       0x7e CMakeFiles/main.dir/D_/vscodecc++/Pico/picoproject/pico-sdk/src/rp2_common/hardware_xosc/xosc.c.obj
                                0x233 (size before relaxing)
 .debug_str     0x00001d0f      0x27a CMakeFiles/main.dir/D_/vscodecc++/Pico/picoproject/pico-sdk/src/rp2_common/pico_printf/printf.c.obj
                                0x494 (size before relaxing)
 .debug_str     0x00001f89       0x62 CMakeFiles/main.dir/D_/vscodecc++/Pico/picoproject/pico-sdk/src/rp2_common/pico_bit_ops/bit_ops_aeabi.S.obj
                                 0x90 (size before relaxing)
 .debug_str     0x00001feb       0xd1 CMakeFiles/main.dir/D_/vscodecc++/Pico/picoproject/pico-sdk/src/rp2_common/pico_bootrom/bootrom.c.obj
                                0x26e (size before relaxing)